13:14:55,579 __main__ INFO Start Bot
13:14:55,580 discord.client INFO logging in using static token
13:14:56,192 discord.gateway INFO Created websocket connected to wss://gateway.discord.gg?encoding=json&v=6&compress=zlib-stream
13:14:56,195 discord.gateway INFO Shard ID None has sent the IDENTIFY payload.
13:14:56,423 discord.gateway INFO Shard ID None has connected to Gateway: ["gateway-prd-main-pngc",{"micros":95475,"calls":["discord-sessions-prd-1-31",{"micros":88522,"calls":["start_session",{"micros":84235,"calls":["api-prd-main-r527",{"micros":79153,"calls":["get_user",{"micros":7617},"add_authorized_ip",{"micros":3799},"get_guilds",{"micros":6155},"coros_wait",{"micros":2}]}]},"guilds_connect",{"micros":2,"calls":[]},"presence_connect",{"micros":1,"calls":[]}]}]}] (Session ID: be047a7dcad53a9be7d93056675280e5).
13:14:58,423 cogs.events INFO We have logged in as AutoReact#6168
13:15:17,75 discord.client INFO Received signal to terminate bot and event loop.
13:15:17,76 discord.client INFO Cleaning up tasks.
13:15:17,76 discord.client INFO Cleaning up after 4 tasks.
13:15:23,630 discord.client INFO Closing the event loop.
13:15:23,631 __main__ WARNING Stopped Bot due to Keyboard Interrupt.
13:15:23,631 __main__ INFO End
13:15:30,676 __main__ INFO Start Bot
13:15:30,677 discord.client INFO logging in using static token
13:15:31,244 discord.gateway INFO Created websocket connected to wss://gateway.discord.gg?encoding=json&v=6&compress=zlib-stream
13:15:31,247 discord.gateway INFO Shard ID None has sent the IDENTIFY payload.
13:15:31,423 discord.gateway INFO Shard ID None has connected to Gateway: ["gateway-prd-main-j9g5",{"micros":42114,"calls":["discord-sessions-prd-1-47",{"micros":36755,"calls":["start_session",{"micros":34302,"calls":["api-prd-main-4fd2",{"micros":31147,"calls":["get_user",{"micros":2973},"add_authorized_ip",{"micros":1710},"get_guilds",{"micros":2716},"coros_wait",{"micros":1}]}]},"guilds_connect",{"micros":2,"calls":[]},"presence_connect",{"micros":1,"calls":[]}]}]}] (Session ID: 0db3938e597a59cce43a64401632b544).
13:15:33,426 cogs.events INFO We have logged in as AutoReact#6168
13:16:01,959 __main__ INFO Start Bot
13:16:01,960 discord.client INFO logging in using static token
13:16:02,617 discord.gateway INFO Created websocket connected to wss://gateway.discord.gg?encoding=json&v=6&compress=zlib-stream
13:16:02,620 discord.gateway INFO Shard ID None has sent the IDENTIFY payload.
13:16:02,800 discord.gateway INFO Shard ID None has connected to Gateway: ["gateway-prd-main-3lw3",{"micros":51087,"calls":["discord-sessions-prd-1-23",{"micros":46955,"calls":["start_session",{"micros":43045,"calls":["api-prd-main-0vjn",{"micros":40068,"calls":["get_user",{"micros":3037},"add_authorized_ip",{"micros":1900},"get_guilds",{"micros":2713},"coros_wait",{"micros":2}]}]},"guilds_connect",{"micros":2,"calls":[]},"presence_connect",{"micros":1,"calls":[]}]}]}] (Session ID: 090cf032629de5b6be92abad6ebc01b1).
13:16:04,795 cogs.events INFO We have logged in as AutoReact#6168
13:17:00,793 __main__ INFO Start Bot
13:17:00,794 discord.client INFO logging in using static token
13:17:01,361 discord.gateway INFO Created websocket connected to wss://gateway.discord.gg?encoding=json&v=6&compress=zlib-stream
13:17:01,363 discord.gateway INFO Shard ID None has sent the IDENTIFY payload.
13:17:01,560 discord.gateway INFO Shard ID None has connected to Gateway: ["gateway-prd-main-nz9k",{"micros":65212,"calls":["discord-sessions-prd-1-15",{"micros":60914,"calls":["start_session",{"micros":59086,"calls":["api-prd-main-6x7m",{"micros":54532,"calls":["get_user",{"micros":4735},"add_authorized_ip",{"micros":2529},"get_guilds",{"micros":1757},"coros_wait",{"micros":2}]}]},"guilds_connect",{"micros":3,"calls":[]},"presence_connect",{"micros":992,"calls":[]}]}]}] (Session ID: 76f2fb7f122fa7f37f4f3548b6c6354d).
13:17:03,570 cogs.events INFO We have logged in as AutoReact#6168
13:21:23,733 __main__ INFO Start Bot
13:21:23,734 discord.client INFO logging in using static token
13:21:24,387 discord.gateway INFO Created websocket connected to wss://gateway.discord.gg?encoding=json&v=6&compress=zlib-stream
13:21:24,390 discord.gateway INFO Shard ID None has sent the IDENTIFY payload.
13:21:24,572 discord.gateway INFO Shard ID None has connected to Gateway: ["gateway-prd-main-k19q",{"micros":52033,"calls":["discord-sessions-prd-1-4",{"micros":46627,"calls":["start_session",{"micros":45413,"calls":["api-prd-main-12nf",{"micros":42112,"calls":["get_user",{"micros":3581},"add_authorized_ip",{"micros":1765},"get_guilds",{"micros":8330},"coros_wait",{"micros":2}]}]},"guilds_connect",{"micros":2,"calls":[]},"presence_connect",{"micros":1,"calls":[]}]}]}] (Session ID: f2b747ebdbe5c6b04e805b423a7d13fa).
13:21:26,584 __main__ INFO We have logged in as AutoReact#6168
13:22:41,227 kraut.log INFO Start Bot
13:22:41,228 discord.client INFO logging in using static token
13:22:41,842 discord.gateway INFO Created websocket connected to wss://gateway.discord.gg?encoding=json&v=6&compress=zlib-stream
13:22:41,843 discord.gateway INFO Shard ID None has sent the IDENTIFY payload.
13:22:42,25 discord.gateway INFO Shard ID None has connected to Gateway: ["gateway-prd-main-c2s6",{"micros":51301,"calls":["discord-sessions-prd-1-53",{"micros":41254,"calls":["start_session",{"micros":37415,"calls":["api-prd-main-26pr",{"micros":34223,"calls":["get_user",{"micros":3472},"add_authorized_ip",{"micros":1938},"get_guilds",{"micros":2602},"coros_wait",{"micros":2}]}]},"guilds_connect",{"micros":2,"calls":[]},"presence_connect",{"micros":1,"calls":[]}]}]}] (Session ID: d37b8b8dfc3da8233d7e87e7e6c7f5c4).
13:22:44,27 kraut.log INFO We have logged in as AutoReact#6168
13:23:23,95 discord.client INFO Received signal to terminate bot and event loop.
13:23:23,96 discord.client INFO Cleaning up tasks.
13:23:23,96 discord.client INFO Cleaning up after 4 tasks.
13:23:23,214 discord.client INFO Closing the event loop.
13:23:23,215 kraut.log ERROR Stopped Bot due to Keyboard Interrupt.
Traceback (most recent call last):
  File "c:/Users/Nick/Documents/Discord/Discord_Bot/discord_bot.py", line 49, in run
    super().run(self.BOT_TOKEN)
  File "C:\Users\Nick\AppData\Roaming\Python\Python37\site-packages\discord\client.py", line 595, in run
    _cleanup_loop(loop)
  File "C:\Users\Nick\AppData\Roaming\Python\Python37\site-packages\discord\client.py", line 92, in _cleanup_loop
    _cancel_tasks(loop)
  File "C:\Users\Nick\AppData\Roaming\Python\Python37\site-packages\discord\client.py", line 77, in _cancel_tasks
    loop.run_until_complete(asyncio.gather(*tasks, loop=loop, return_exceptions=True))
  File "C:\Program Files\Python37\lib\asyncio\base_events.py", line 555, in run_until_complete
    self.run_forever()
  File "C:\Program Files\Python37\lib\asyncio\base_events.py", line 523, in run_forever
    self._run_once()
  File "C:\Program Files\Python37\lib\asyncio\base_events.py", line 1722, in _run_once
    event_list = self._selector.select(timeout)
  File "C:\Program Files\Python37\lib\selectors.py", line 323, in select
    r, w, _ = self._select(self._readers, self._writers, [], timeout)
  File "C:\Program Files\Python37\lib\selectors.py", line 314, in _select
    r, w, x = select.select(r, w, w, timeout)
KeyboardInterrupt
13:23:23,268 kraut.log INFO End
17:30:05,224 kraut.log INFO Start Bot
17:30:05,225 discord.client INFO logging in using static token
17:30:05,956 discord.client INFO Cleaning up tasks.
17:30:05,956 discord.client INFO Closing the event loop.
17:30:05,958 kraut.log ERROR Failed to login due to improper Token.
Traceback (most recent call last):
  File "C:\Users\Nick\AppData\Roaming\Python\Python37\site-packages\discord\http.py", line 258, in static_login
    data = await self.request(Route('GET', '/users/@me'))
  File "C:\Users\Nick\AppData\Roaming\Python\Python37\site-packages\discord\http.py", line 222, in request
    raise HTTPException(r, data)
discord.errors.HTTPException: 401 Unauthorized (error code: 0): 401: Unauthorized

The above exception was the direct cause of the following exception:

Traceback (most recent call last):
  File "c:/Users/Nick/Documents/Discord/Discord_Bot/discord_bot.py", line 60, in <module>
    bot.run()
  File "c:/Users/Nick/Documents/Discord/Discord_Bot/discord_bot.py", line 49, in run
    super().run(self.BOT_TOKEN)
  File "C:\Users\Nick\AppData\Roaming\Python\Python37\site-packages\discord\client.py", line 598, in run
    return future.result()
  File "C:\Users\Nick\AppData\Roaming\Python\Python37\site-packages\discord\client.py", line 579, in runner
    await self.start(*args, **kwargs)
  File "C:\Users\Nick\AppData\Roaming\Python\Python37\site-packages\discord\client.py", line 542, in start
    await self.login(*args, bot=bot)
  File "C:\Users\Nick\AppData\Roaming\Python\Python37\site-packages\discord\client.py", line 400, in login
    await self.http.static_login(token, bot=bot)
  File "C:\Users\Nick\AppData\Roaming\Python\Python37\site-packages\discord\http.py", line 262, in static_login
    raise LoginFailure('Improper token has been passed.') from exc
discord.errors.LoginFailure: Improper token has been passed.
17:30:19,67 kraut.log INFO Start Bot
17:30:19,68 discord.client INFO logging in using static token
17:30:19,290 discord.client INFO Cleaning up tasks.
17:30:19,290 discord.client INFO Closing the event loop.
17:30:19,291 kraut.log ERROR Failed to login due to improper Token.
Traceback (most recent call last):
  File "C:\Users\Nick\AppData\Roaming\Python\Python37\site-packages\discord\http.py", line 258, in static_login
    data = await self.request(Route('GET', '/users/@me'))
  File "C:\Users\Nick\AppData\Roaming\Python\Python37\site-packages\discord\http.py", line 222, in request
    raise HTTPException(r, data)
discord.errors.HTTPException: 401 Unauthorized (error code: 0): 401: Unauthorized

The above exception was the direct cause of the following exception:

Traceback (most recent call last):
  File "c:/Users/Nick/Documents/Discord/Discord_Bot/discord_bot.py", line 60, in <module>
    bot.run()
  File "c:/Users/Nick/Documents/Discord/Discord_Bot/discord_bot.py", line 49, in run
    super().run(self.BOT_TOKEN)
  File "C:\Users\Nick\AppData\Roaming\Python\Python37\site-packages\discord\client.py", line 598, in run
    return future.result()
  File "C:\Users\Nick\AppData\Roaming\Python\Python37\site-packages\discord\client.py", line 579, in runner
    await self.start(*args, **kwargs)
  File "C:\Users\Nick\AppData\Roaming\Python\Python37\site-packages\discord\client.py", line 542, in start
    await self.login(*args, bot=bot)
  File "C:\Users\Nick\AppData\Roaming\Python\Python37\site-packages\discord\client.py", line 400, in login
    await self.http.static_login(token, bot=bot)
  File "C:\Users\Nick\AppData\Roaming\Python\Python37\site-packages\discord\http.py", line 262, in static_login
    raise LoginFailure('Improper token has been passed.') from exc
discord.errors.LoginFailure: Improper token has been passed.
17:30:42,118 kraut.log INFO Start Bot
17:30:42,119 discord.client INFO logging in using static token
17:30:42,811 discord.gateway INFO Created websocket connected to wss://gateway.discord.gg?encoding=json&v=6&compress=zlib-stream
17:30:42,814 discord.gateway INFO Shard ID None has sent the IDENTIFY payload.
17:30:43,29 discord.gateway INFO Shard ID None has connected to Gateway: ["gateway-prd-main-gl78",{"micros":86501,"calls":["discord-sessions-prd-1-25",{"micros":80141,"calls":["start_session",{"micros":75060,"calls":["api-prd-main-ngs4",{"micros":71641,"calls":["get_user",{"micros":3787},"add_authorized_ip",{"micros":1868},"get_guilds",{"micros":4256},"coros_wait",{"micros":3}]}]},"guilds_connect",{"micros":2,"calls":[]},"presence_connect",{"micros":2161,"calls":[]}]}]}] (Session ID: 6a907c88b704eb12b0ca0f755d1e1aec).
17:30:45,24 kraut.log INFO We have logged in as AutoReact#6168
17:36:35,94 kraut.log INFO Start Bot
17:36:35,95 discord.client INFO logging in using static token
17:36:35,758 discord.gateway INFO Created websocket connected to wss://gateway.discord.gg?encoding=json&v=6&compress=zlib-stream
17:36:35,759 discord.gateway INFO Shard ID None has sent the IDENTIFY payload.
17:36:35,943 discord.gateway INFO Shard ID None has connected to Gateway: ["gateway-prd-main-kbg7",{"micros":50686,"calls":["discord-sessions-prd-1-28",{"micros":38916,"calls":["start_session",{"micros":36660,"calls":["api-prd-main-74hd",{"micros":32916,"calls":["get_user",{"micros":3475},"add_authorized_ip",{"micros":1824},"get_guilds",{"micros":1977},"coros_wait",{"micros":2}]}]},"guilds_connect",{"micros":2,"calls":[]},"presence_connect",{"micros":1,"calls":[]}]}]}] (Session ID: c4299b6ad78c710eec7666ec97ed645a).
17:36:37,949 kraut.log INFO We have logged in as AutoReact#6168
17:36:55,927 kraut.log INFO Start Bot
17:36:55,928 discord.client INFO logging in using static token
17:36:56,548 discord.gateway INFO Created websocket connected to wss://gateway.discord.gg?encoding=json&v=6&compress=zlib-stream
17:36:56,549 discord.gateway INFO Shard ID None has sent the IDENTIFY payload.
17:36:56,769 discord.gateway INFO Shard ID None has connected to Gateway: ["gateway-prd-main-k19q",{"micros":88790,"calls":["discord-sessions-prd-1-1",{"micros":78890,"calls":["start_session",{"micros":74901,"calls":["api-prd-main-js71",{"micros":71485,"calls":["get_user",{"micros":2990},"add_authorized_ip",{"micros":1410},"get_guilds",{"micros":28099},"coros_wait",{"micros":2}]}]},"guilds_connect",{"micros":1,"calls":[]},"presence_connect",{"micros":2,"calls":[]}]}]}] (Session ID: 888a9d85adc0469042a41fd47e2523f8).
17:36:58,757 kraut.log INFO We have logged in as AutoReact#6168
17:37:01,240 kraut.log INFO Play-Request created with message: <@158205450343415808> spielt **__jetzt gerade__** League of Legends und sucht noch nach weiteren Spielern!
20:04:43,538 kraut.log INFO Start Bot
20:04:43,539 discord.client INFO logging in using static token
20:04:44,139 discord.gateway INFO Created websocket connected to wss://gateway.discord.gg?encoding=json&v=6&compress=zlib-stream
20:04:44,142 discord.gateway INFO Shard ID None has sent the IDENTIFY payload.
20:04:44,416 discord.gateway INFO Shard ID None has connected to Gateway: ["gateway-prd-main-v1dt",{"micros":145275,"calls":["discord-sessions-prd-1-70",{"micros":141759,"calls":["start_session",{"micros":135092,"calls":["api-prd-main-kbvh",{"micros":131838,"calls":["get_user",{"micros":15228},"add_authorized_ip",{"micros":10130},"get_guilds",{"micros":12351},"coros_wait",{"micros":1}]}]},"guilds_connect",{"micros":2,"calls":[]},"presence_connect",{"micros":4274,"calls":[]}]}]}] (Session ID: 53437ed358a9ddb68a356f4e83a1d20e).
20:04:46,424 kraut.log INFO We have logged in as AutoReact#6168
20:04:54,723 kraut.log INFO Start Bot
20:04:54,725 discord.client INFO logging in using static token
20:04:55,374 discord.gateway INFO Created websocket connected to wss://gateway.discord.gg?encoding=json&v=6&compress=zlib-stream
20:04:55,375 discord.gateway INFO Shard ID None has sent the IDENTIFY payload.
20:04:55,575 discord.gateway INFO Shard ID None has connected to Gateway: ["gateway-prd-main-bw7q",{"micros":66665,"calls":["discord-sessions-prd-1-21",{"micros":63138,"calls":["start_session",{"micros":60654,"calls":["api-prd-main-bn01",{"micros":56206,"calls":["get_user",{"micros":12970},"add_authorized_ip",{"micros":1915},"get_guilds",{"micros":2552},"coros_wait",{"micros":3}]}]},"guilds_connect",{"micros":1,"calls":[]},"presence_connect",{"micros":6,"calls":[]}]}]}] (Session ID: c36bbd1fba83cc984948ebb0e9f4ad9d).
20:04:57,579 kraut.log INFO We have logged in as AutoReact#6168
20:05:26,382 kraut.log INFO Start Bot
20:05:26,383 discord.client INFO logging in using static token
20:05:27,12 discord.gateway INFO Created websocket connected to wss://gateway.discord.gg?encoding=json&v=6&compress=zlib-stream
20:05:27,14 discord.gateway INFO Shard ID None has sent the IDENTIFY payload.
20:05:27,214 discord.gateway INFO Shard ID None has connected to Gateway: ["gateway-prd-main-6npw",{"micros":69089,"calls":["discord-sessions-prd-1-37",{"micros":66365,"calls":["start_session",{"micros":64562,"calls":["api-prd-main-5kcm",{"micros":55118,"calls":["get_user",{"micros":9482},"add_authorized_ip",{"micros":3103},"get_guilds",{"micros":3085},"coros_wait",{"micros":3}]}]},"guilds_connect",{"micros":1,"calls":[]},"presence_connect",{"micros":707,"calls":[]}]}]}] (Session ID: bb72d7239a50b0629914091285992e1f).
20:05:27,785 root INFO rate limit changed from 0/0s to 20/1s
20:05:27,785 root INFO rate limit changed from 0/0s to 100/120s
20:05:27,785 root INFO rate limit changed from 0/0s to 2000/60s
20:05:28,47 root INFO rate limit changed from 0/0s to 300/60s
20:05:28,315 root INFO rate limit changed from 0/0s to 2000/60s
20:05:28,368 kraut.log ERROR DataBaseException
NoneType: None
20:05:29,212 kraut.log INFO We have logged in as AutoReact#6168
20:06:15,10 kraut.log INFO Start Bot
20:06:15,11 discord.client INFO logging in using static token
20:06:15,645 discord.gateway INFO Created websocket connected to wss://gateway.discord.gg?encoding=json&v=6&compress=zlib-stream
20:06:15,649 discord.gateway INFO Shard ID None has sent the IDENTIFY payload.
20:06:15,857 discord.gateway INFO Shard ID None has connected to Gateway: ["gateway-prd-main-qf8z",{"micros":79665,"calls":["discord-sessions-prd-1-25",{"micros":62161,"calls":["start_session",{"micros":60613,"calls":["api-prd-main-vx9h",{"micros":56575,"calls":["get_user",{"micros":4008},"add_authorized_ip",{"micros":1645},"get_guilds",{"micros":4041},"coros_wait",{"micros":2}]}]},"guilds_connect",{"micros":1,"calls":[]},"presence_connect",{"micros":716,"calls":[]}]}]}] (Session ID: 395c6dda9bd26618be6b9c2dadd1138f).
20:06:17,863 kraut.log INFO We have logged in as AutoReact#6168
20:06:26,476 kraut.log INFO Start Bot
20:06:26,476 discord.client INFO logging in using static token
20:06:27,91 discord.gateway INFO Created websocket connected to wss://gateway.discord.gg?encoding=json&v=6&compress=zlib-stream
20:06:27,92 discord.gateway INFO Shard ID None has sent the IDENTIFY payload.
20:06:27,274 discord.gateway INFO Shard ID None has connected to Gateway: ["gateway-prd-main-w5ps",{"micros":49383,"calls":["discord-sessions-prd-1-18",{"micros":42392,"calls":["start_session",{"micros":37756,"calls":["api-prd-main-nqs7",{"micros":34191,"calls":["get_user",{"micros":2793},"add_authorized_ip",{"micros":1505},"get_guilds",{"micros":3587},"coros_wait",{"micros":2}]}]},"guilds_connect",{"micros":2,"calls":[]},"presence_connect",{"micros":1,"calls":[]}]}]}] (Session ID: 5e7c3fc2e4be9d81515187e9e4a52b0c).
20:06:29,279 kraut.log INFO We have logged in as AutoReact#6168
20:06:38,106 root INFO rate limit changed from 0/0s to 20/1s
20:06:38,106 root INFO rate limit changed from 0/0s to 100/120s
20:06:38,106 root INFO rate limit changed from 0/0s to 2000/60s
20:06:38,340 root INFO rate limit changed from 0/0s to 300/60s
20:06:38,795 root INFO rate limit changed from 0/0s to 2000/60s
20:06:48,237 root INFO rate limit changed from 0/0s to 20/1s
20:06:48,237 root INFO rate limit changed from 0/0s to 100/120s
20:06:48,238 root INFO rate limit changed from 0/0s to 2000/60s
20:06:48,481 root INFO rate limit changed from 0/0s to 300/60s
20:06:48,917 root INFO rate limit changed from 0/0s to 2000/60s
14:00:02,953 kraut.log INFO Start Bot
14:00:02,954 discord.client INFO logging in using static token
14:00:03,538 discord.gateway INFO Created websocket connected to wss://gateway.discord.gg?encoding=json&v=6&compress=zlib-stream
14:00:03,541 discord.gateway INFO Shard ID None has sent the IDENTIFY payload.
14:00:03,751 discord.gateway INFO Shard ID None has connected to Gateway: ["gateway-prd-main-d7bf",{"micros":77685,"calls":["discord-sessions-prd-1-61",{"micros":73999,"calls":["start_session",{"micros":70715,"calls":["api-prd-main-mn30",{"micros":66591,"calls":["get_user",{"micros":3688},"add_authorized_ip",{"micros":2717},"get_guilds",{"micros":15779},"coros_wait",{"micros":4}]}]},"guilds_connect",{"micros":2,"calls":[]},"presence_connect",{"micros":1,"calls":[]}]}]}] (Session ID: d1896a90ec0b4f90b7d2854e8271dc4b).
14:00:05,744 kraut.log INFO We have logged in as AutoReact#6168
14:03:05,740 kraut.log INFO Start Bot
14:03:05,741 discord.client INFO logging in using static token
14:03:06,380 discord.gateway INFO Created websocket connected to wss://gateway.discord.gg?encoding=json&v=6&compress=zlib-stream
14:03:06,381 discord.gateway INFO Shard ID None has sent the IDENTIFY payload.
14:03:06,626 discord.gateway INFO Shard ID None has connected to Gateway: ["gateway-prd-main-3ktd",{"micros":113897,"calls":["discord-sessions-prd-1-16",{"micros":109262,"calls":["start_session",{"micros":106927,"calls":["api-prd-main-v5c9",{"micros":98977,"calls":["get_user",{"micros":7284},"add_authorized_ip",{"micros":9040},"get_guilds",{"micros":6240},"coros_wait",{"micros":3}]}]},"guilds_connect",{"micros":1,"calls":[]},"presence_connect",{"micros":779,"calls":[]}]}]}] (Session ID: 11257b5aca5b90851e3891229d4f323b).
14:03:08,621 kraut.log INFO We have logged in as AutoReact#6168
14:04:40,368 kraut.log ERROR Error handler got called.
Traceback (most recent call last):
  File "C:\Users\Nick\AppData\Roaming\Python\Python37\site-packages\discord\ext\commands\bot.py", line 863, in invoke
    await ctx.command.invoke(ctx)
  File "C:\Users\Nick\AppData\Roaming\Python\Python37\site-packages\discord\ext\commands\core.py", line 728, in invoke
    await injected(*ctx.args, **ctx.kwargs)
  File "C:\Users\Nick\AppData\Roaming\Python\Python37\site-packages\discord\ext\commands\core.py", line 79, in wrapped
    ret = await coro(*args, **kwargs)
  File "c:\Users\Nick\Documents\Discord\Discord_Bot\cogs\kraut.py", line 97, in bans_
    raise commands.CheckFailure()
discord.ext.commands.errors.CheckFailure
14:05:23,458 kraut.log INFO Start Bot
14:05:23,459 discord.client INFO logging in using static token
14:05:24,38 discord.gateway INFO Created websocket connected to wss://gateway.discord.gg?encoding=json&v=6&compress=zlib-stream
14:05:24,39 discord.gateway INFO Shard ID None has sent the IDENTIFY payload.
14:05:24,257 discord.gateway INFO Shard ID None has connected to Gateway: ["gateway-prd-main-mjr9",{"micros":84516,"calls":["discord-sessions-prd-1-4",{"micros":80622,"calls":["start_session",{"micros":79783,"calls":["api-prd-main-nm9n",{"micros":76303,"calls":["get_user",{"micros":11924},"add_authorized_ip",{"micros":2994},"get_guilds",{"micros":10620},"coros_wait",{"micros":3}]}]},"guilds_connect",{"micros":1,"calls":[]},"presence_connect",{"micros":152,"calls":[]}]}]}] (Session ID: dcb3770b4228907887ac5ede75f07e1d).
14:05:26,265 kraut.log INFO We have logged in as AutoReact#6168
14:05:27,570 kraut.log ERROR Error handler got called.
Traceback (most recent call last):
  File "C:\Users\Nick\AppData\Roaming\Python\Python37\site-packages\discord\ext\commands\core.py", line 79, in wrapped
    ret = await coro(*args, **kwargs)
  File "c:\Users\Nick\Documents\Discord\Discord_Bot\cogs\kraut.py", line 97, in bans_
    riot_commands.get_best_bans_for_team(team_names), file=discord.File(
  File "c:\Users\Nick\Documents\Discord\Discord_Bot\riot\riot_commands.py", line 51, in get_best_bans_for_team
    _, rank = player.get_soloq_data()
AttributeError: 'str' object has no attribute 'get_soloq_data'

The above exception was the direct cause of the following exception:

Traceback (most recent call last):
  File "C:\Users\Nick\AppData\Roaming\Python\Python37\site-packages\discord\ext\commands\bot.py", line 863, in invoke
    await ctx.command.invoke(ctx)
  File "C:\Users\Nick\AppData\Roaming\Python\Python37\site-packages\discord\ext\commands\core.py", line 728, in invoke
    await injected(*ctx.args, **ctx.kwargs)
  File "C:\Users\Nick\AppData\Roaming\Python\Python37\site-packages\discord\ext\commands\core.py", line 88, in wrapped
    raise CommandInvokeError(exc) from exc
discord.ext.commands.errors.CommandInvokeError: Command raised an exception: AttributeError: 'str' object has no attribute 'get_soloq_data'
14:06:53,693 kraut.log INFO Start Bot
14:06:53,694 discord.client INFO logging in using static token
14:06:54,408 discord.gateway INFO Created websocket connected to wss://gateway.discord.gg?encoding=json&v=6&compress=zlib-stream
14:06:54,411 discord.gateway INFO Shard ID None has sent the IDENTIFY payload.
14:06:54,991 discord.gateway INFO Shard ID None has connected to Gateway: ["gateway-prd-main-8g38",{"micros":43739,"calls":["discord-sessions-prd-1-3",{"micros":39092,"calls":["start_session",{"micros":36795,"calls":["api-prd-main-tk0t",{"micros":32817,"calls":["get_user",{"micros":2973},"add_authorized_ip",{"micros":1948},"get_guilds",{"micros":4352},"coros_wait",{"micros":1}]}]},"guilds_connect",{"micros":2,"calls":[]},"presence_connect",{"micros":1566,"calls":[]}]}]}] (Session ID: 8e3e68ff44f324d8c6105c377076f7a1).
14:06:56,995 kraut.log INFO We have logged in as AutoReact#6168
14:06:57,755 kraut.log ERROR Check Failure
NoneType: None
14:06:57,755 kraut.log ERROR Error handler got called.
Traceback (most recent call last):
  File "C:\Users\Nick\AppData\Roaming\Python\Python37\site-packages\discord\ext\commands\bot.py", line 863, in invoke
    await ctx.command.invoke(ctx)
  File "C:\Users\Nick\AppData\Roaming\Python\Python37\site-packages\discord\ext\commands\core.py", line 728, in invoke
    await injected(*ctx.args, **ctx.kwargs)
  File "C:\Users\Nick\AppData\Roaming\Python\Python37\site-packages\discord\ext\commands\core.py", line 79, in wrapped
    ret = await coro(*args, **kwargs)
  File "c:\Users\Nick\Documents\Discord\Discord_Bot\cogs\kraut.py", line 97, in bans_
    riot_commands.calculate_bans_for_team(team_names), file=discord.File(
  File "c:\Users\Nick\Documents\Discord\Discord_Bot\riot\riot_commands.py", line 88, in calculate_bans_for_team
    raise commands.CheckFailure()
discord.ext.commands.errors.CheckFailure
14:07:20,240 kraut.log INFO Start Bot
14:07:20,241 discord.client INFO logging in using static token
14:07:20,811 discord.gateway INFO Created websocket connected to wss://gateway.discord.gg?encoding=json&v=6&compress=zlib-stream
14:07:20,812 discord.gateway INFO Shard ID None has sent the IDENTIFY payload.
14:07:21,5 discord.gateway INFO Shard ID None has connected to Gateway: ["gateway-prd-main-mcz1",{"micros":55493,"calls":["discord-sessions-prd-1-58",{"micros":52211,"calls":["start_session",{"micros":49218,"calls":["api-prd-main-hhpz",{"micros":45167,"calls":["get_user",{"micros":3624},"add_authorized_ip",{"micros":2252},"get_guilds",{"micros":4154},"coros_wait",{"micros":3}]}]},"guilds_connect",{"micros":1,"calls":[]},"presence_connect",{"micros":1,"calls":[]}]}]}] (Session ID: 21a59970758faf99217e71d11a6aa530).
14:07:23,14 kraut.log INFO We have logged in as AutoReact#6168
14:07:25,775 kraut.log ERROR Check Failure
NoneType: None
14:07:52,565 kraut.log INFO Start Bot
14:07:52,566 discord.client INFO logging in using static token
14:07:53,133 discord.gateway INFO Created websocket connected to wss://gateway.discord.gg?encoding=json&v=6&compress=zlib-stream
14:07:53,135 discord.gateway INFO Shard ID None has sent the IDENTIFY payload.
14:07:53,347 discord.gateway INFO Shard ID None has connected to Gateway: ["gateway-prd-main-wkv3",{"micros":79859,"calls":["discord-sessions-prd-1-31",{"micros":66329,"calls":["start_session",{"micros":60552,"calls":["api-prd-main-b4rq",{"micros":56737,"calls":["get_user",{"micros":5883},"add_authorized_ip",{"micros":4613},"get_guilds",{"micros":6983},"coros_wait",{"micros":2}]}]},"guilds_connect",{"micros":2,"calls":[]},"presence_connect",{"micros":4740,"calls":[]}]}]}] (Session ID: febfeeef961328282c95f37103acad7d).
14:07:55,341 kraut.log INFO We have logged in as AutoReact#6168
14:07:56,72 kraut.log ERROR Check Failure
NoneType: None
14:08:23,387 kraut.log INFO Start Bot
14:08:23,389 discord.client INFO logging in using static token
14:08:24,4 discord.gateway INFO Created websocket connected to wss://gateway.discord.gg?encoding=json&v=6&compress=zlib-stream
14:08:24,5 discord.gateway INFO Shard ID None has sent the IDENTIFY payload.
14:08:24,210 discord.gateway INFO Shard ID None has connected to Gateway: ["gateway-prd-main-89zb",{"micros":71242,"calls":["discord-sessions-prd-1-62",{"micros":54700,"calls":["start_session",{"micros":46715,"calls":["api-prd-main-cmzg",{"micros":42752,"calls":["get_user",{"micros":3488},"add_authorized_ip",{"micros":1982},"get_guilds",{"micros":8618},"coros_wait",{"micros":2}]}]},"guilds_connect",{"micros":2,"calls":[]},"presence_connect",{"micros":1,"calls":[]}]}]}] (Session ID: cec324279bc5683ce13dae4e2e636894).
14:08:25,449 kraut.log ERROR Check Failure
NoneType: None
14:08:26,221 kraut.log INFO We have logged in as AutoReact#6168
14:08:54,565 kraut.log INFO Start Bot
14:08:54,566 discord.client INFO logging in using static token
14:08:55,157 discord.gateway INFO Created websocket connected to wss://gateway.discord.gg?encoding=json&v=6&compress=zlib-stream
14:08:55,158 discord.gateway INFO Shard ID None has sent the IDENTIFY payload.
14:08:55,348 discord.gateway INFO Shard ID None has connected to Gateway: ["gateway-prd-main-rplw",{"micros":59737,"calls":["discord-sessions-prd-1-8",{"micros":55704,"calls":["start_session",{"micros":54123,"calls":["api-prd-main-nk00",{"micros":50994,"calls":["get_user",{"micros":3530},"add_authorized_ip",{"micros":1701},"get_guilds",{"micros":3405},"coros_wait",{"micros":1}]}]},"guilds_connect",{"micros":2,"calls":[]},"presence_connect",{"micros":915,"calls":[]}]}]}] (Session ID: cdae0676016388fe741b8615a33d90e9).
14:08:57,190 kraut.log ERROR Check Failure
NoneType: None
14:08:57,364 kraut.log INFO We have logged in as AutoReact#6168
14:09:46,922 kraut.log INFO Start Bot
14:09:46,923 discord.client INFO logging in using static token
14:09:47,522 discord.gateway INFO Created websocket connected to wss://gateway.discord.gg?encoding=json&v=6&compress=zlib-stream
14:09:47,523 discord.gateway INFO Shard ID None has sent the IDENTIFY payload.
14:09:47,735 discord.gateway INFO Shard ID None has connected to Gateway: ["gateway-prd-main-bw7q",{"micros":77921,"calls":["discord-sessions-prd-1-17",{"micros":69725,"calls":["start_session",{"micros":68688,"calls":["api-prd-main-wvc4",{"micros":64252,"calls":["get_user",{"micros":6725},"add_authorized_ip",{"micros":8719},"get_guilds",{"micros":7275},"coros_wait",{"micros":2}]}]},"guilds_connect",{"micros":2,"calls":[]},"presence_connect",{"micros":156,"calls":[]}]}]}] (Session ID: 42608283353bffb98a813e2aff62ef55).
14:09:49,732 kraut.log ERROR Check Failure
NoneType: None
14:09:49,850 kraut.log INFO We have logged in as AutoReact#6168
14:10:15,708 kraut.log INFO Start Bot
14:10:15,709 discord.client INFO logging in using static token
14:10:16,286 discord.gateway INFO Created websocket connected to wss://gateway.discord.gg?encoding=json&v=6&compress=zlib-stream
14:10:16,287 discord.gateway INFO Shard ID None has sent the IDENTIFY payload.
14:10:16,632 discord.gateway INFO Shard ID None has connected to Gateway: ["gateway-prd-main-1m9g",{"micros":198621,"calls":["discord-sessions-prd-1-51",{"micros":196608,"calls":["start_session",{"micros":189294,"calls":["api-prd-main-hvbb",{"micros":184437,"calls":["get_user",{"micros":18639},"add_authorized_ip",{"micros":20377},"get_guilds",{"micros":11384},"coros_wait",{"micros":2}]}]},"guilds_connect",{"micros":2,"calls":[]},"presence_connect",{"micros":6355,"calls":[]}]}]}] (Session ID: cec4c569ab1abbb97ae85af373e1bb82).
14:10:18,633 kraut.log INFO We have logged in as AutoReact#6168
14:10:38,870 kraut.log INFO Start Bot
14:10:38,870 discord.client INFO logging in using static token
14:10:39,441 discord.gateway INFO Created websocket connected to wss://gateway.discord.gg?encoding=json&v=6&compress=zlib-stream
14:10:39,443 discord.gateway INFO Shard ID None has sent the IDENTIFY payload.
14:10:39,702 discord.gateway INFO Shard ID None has connected to Gateway: ["gateway-prd-main-fnl4",{"micros":126186,"calls":["discord-sessions-prd-1-65",{"micros":122396,"calls":["start_session",{"micros":120671,"calls":["api-prd-main-pj0g",{"micros":116199,"calls":["get_user",{"micros":5284},"add_authorized_ip",{"micros":15534},"get_guilds",{"micros":14812},"coros_wait",{"micros":2}]}]},"guilds_connect",{"micros":2,"calls":[]},"presence_connect",{"micros":1,"calls":[]}]}]}] (Session ID: 976f4590d47201d68c28d15cf5f80eae).
14:10:41,482 kraut.log ERROR Check Failure
NoneType: None
14:10:41,694 kraut.log INFO We have logged in as AutoReact#6168
14:11:10,982 kraut.log INFO Start Bot
14:11:10,983 discord.client INFO logging in using static token
14:11:11,594 discord.gateway INFO Created websocket connected to wss://gateway.discord.gg?encoding=json&v=6&compress=zlib-stream
14:11:11,599 discord.gateway INFO Shard ID None has sent the IDENTIFY payload.
14:11:11,783 discord.gateway INFO Shard ID None has connected to Gateway: ["gateway-prd-main-mzkx",{"micros":53898,"calls":["discord-sessions-prd-1-4",{"micros":48216,"calls":["start_session",{"micros":46136,"calls":["api-prd-main-bjm4",{"micros":41210,"calls":["get_user",{"micros":5143},"add_authorized_ip",{"micros":2334},"get_guilds",{"micros":5644},"coros_wait",{"micros":2}]}]},"guilds_connect",{"micros":2,"calls":[]},"presence_connect",{"micros":1024,"calls":[]}]}]}] (Session ID: 4fca39a8ff47361c7e4e93170253057f).
14:11:13,71 root INFO rate limit changed from 0/0s to 20/1s
14:11:13,72 root INFO rate limit changed from 0/0s to 100/120s
14:11:13,72 root INFO rate limit changed from 0/0s to 2000/60s
14:11:13,782 kraut.log INFO We have logged in as AutoReact#6168
14:11:50,705 kraut.log INFO Start Bot
14:11:50,707 discord.client INFO logging in using static token
14:11:51,264 discord.gateway INFO Created websocket connected to wss://gateway.discord.gg?encoding=json&v=6&compress=zlib-stream
14:11:51,265 discord.gateway INFO Shard ID None has sent the IDENTIFY payload.
14:11:51,490 discord.gateway INFO Shard ID None has connected to Gateway: ["gateway-prd-main-2nrg",{"micros":94346,"calls":["discord-sessions-prd-1-11",{"micros":88531,"calls":["start_session",{"micros":83601,"calls":["api-prd-main-933c",{"micros":76591,"calls":["get_user",{"micros":4882},"add_authorized_ip",{"micros":1514},"get_guilds",{"micros":5366},"coros_wait",{"micros":1}]}]},"guilds_connect",{"micros":2,"calls":[]},"presence_connect",{"micros":1,"calls":[]}]}]}] (Session ID: bd049dabbb1a608a7ebfd152bf1811cd).
14:11:53,495 kraut.log INFO We have logged in as AutoReact#6168
14:11:54,487 root INFO rate limit changed from 0/0s to 20/1s
14:11:54,487 root INFO rate limit changed from 0/0s to 100/120s
14:11:54,487 root INFO rate limit changed from 0/0s to 2000/60s
14:11:54,731 root INFO rate limit changed from 0/0s to 300/60s
14:11:56,81 root INFO rate limit changed from 0/0s to 2000/60s
14:24:43,9 kraut.log INFO Start Bot
14:24:43,10 discord.client INFO logging in using static token
14:24:43,650 discord.gateway INFO Created websocket connected to wss://gateway.discord.gg?encoding=json&v=6&compress=zlib-stream
14:24:43,653 discord.gateway INFO Shard ID None has sent the IDENTIFY payload.
14:24:43,868 discord.gateway INFO Shard ID None has connected to Gateway: ["gateway-prd-main-gl57",{"micros":84224,"calls":["discord-sessions-prd-1-30",{"micros":69514,"calls":["start_session",{"micros":67158,"calls":["api-prd-main-xr54",{"micros":63165,"calls":["get_user",{"micros":7849},"add_authorized_ip",{"micros":1814},"get_guilds",{"micros":22631},"coros_wait",{"micros":3}]}]},"guilds_connect",{"micros":1,"calls":[]},"presence_connect",{"micros":1,"calls":[]}]}]}] (Session ID: 65aa85e62a41cdbf3ea9d9bf10a8f0f0).
14:24:45,865 kraut.log INFO We have logged in as AutoReact#6168
14:24:48,71 root INFO rate limit changed from 0/0s to 20/1s
14:24:48,71 root INFO rate limit changed from 0/0s to 100/120s
14:24:48,72 root INFO rate limit changed from 0/0s to 2000/60s
14:24:48,321 root INFO rate limit changed from 0/0s to 300/60s
14:24:48,581 root INFO rate limit changed from 0/0s to 2000/60s
14:25:09,488 kraut.log INFO Start Bot
14:25:09,489 discord.client INFO logging in using static token
14:25:10,84 discord.gateway INFO Created websocket connected to wss://gateway.discord.gg?encoding=json&v=6&compress=zlib-stream
14:25:10,88 discord.gateway INFO Shard ID None has sent the IDENTIFY payload.
14:25:10,320 discord.gateway INFO Shard ID None has connected to Gateway: ["gateway-prd-main-527t",{"micros":103372,"calls":["discord-sessions-prd-1-42",{"micros":98901,"calls":["start_session",{"micros":97227,"calls":["api-prd-main-tjbn",{"micros":89632,"calls":["get_user",{"micros":19365},"add_authorized_ip",{"micros":4479},"get_guilds",{"micros":6623},"coros_wait",{"micros":1}]}]},"guilds_connect",{"micros":2,"calls":[]},"presence_connect",{"micros":607,"calls":[]}]}]}] (Session ID: 6c264e79639c03ffc6f8ace31add5bac).
14:25:11,641 root INFO rate limit changed from 0/0s to 20/1s
14:25:11,641 root INFO rate limit changed from 0/0s to 100/120s
14:25:11,642 root INFO rate limit changed from 0/0s to 2000/60s
14:25:11,897 root INFO rate limit changed from 0/0s to 300/60s
14:25:12,116 root INFO rate limit changed from 0/0s to 2000/60s
14:25:14,526 kraut.log INFO We have logged in as AutoReact#6168
14:26:48,269 kraut.log INFO Start Bot
14:26:48,270 discord.client INFO logging in using static token
14:26:48,860 discord.gateway INFO Created websocket connected to wss://gateway.discord.gg?encoding=json&v=6&compress=zlib-stream
14:26:48,862 discord.gateway INFO Shard ID None has sent the IDENTIFY payload.
14:26:49,50 discord.gateway INFO Shard ID None has connected to Gateway: ["gateway-prd-main-1s9b",{"micros":60616,"calls":["discord-sessions-prd-1-5",{"micros":58175,"calls":["start_session",{"micros":51231,"calls":["api-prd-main-zsm5",{"micros":46633,"calls":["get_user",{"micros":4030},"add_authorized_ip",{"micros":1687},"get_guilds",{"micros":6289},"coros_wait",{"micros":2}]}]},"guilds_connect",{"micros":2,"calls":[]},"presence_connect",{"micros":2,"calls":[]}]}]}] (Session ID: 494290aeccb9b99f02d284bb07401530).
14:26:50,805 root INFO rate limit changed from 0/0s to 20/1s
14:26:50,805 root INFO rate limit changed from 0/0s to 100/120s
14:26:50,805 root INFO rate limit changed from 0/0s to 2000/60s
14:26:51,18 root INFO rate limit changed from 0/0s to 300/60s
14:26:51,310 root INFO rate limit changed from 0/0s to 2000/60s
14:26:54,97 kraut.log INFO We have logged in as AutoReact#6168
14:29:34,626 kraut.log INFO Start Bot
14:29:34,627 discord.client INFO logging in using static token
14:29:35,199 discord.gateway INFO Created websocket connected to wss://gateway.discord.gg?encoding=json&v=6&compress=zlib-stream
14:29:35,200 discord.gateway INFO Shard ID None has sent the IDENTIFY payload.
14:29:35,408 discord.gateway INFO Shard ID None has connected to Gateway: ["gateway-prd-main-bfxb",{"micros":73460,"calls":["discord-sessions-prd-1-6",{"micros":69487,"calls":["start_session",{"micros":63914,"calls":["api-prd-main-v5c9",{"micros":59489,"calls":["get_user",{"micros":4994},"add_authorized_ip",{"micros":2053},"get_guilds",{"micros":8597},"coros_wait",{"micros":2}]}]},"guilds_connect",{"micros":1,"calls":[]},"presence_connect",{"micros":600,"calls":[]}]}]}] (Session ID: 4f5633b2416724a16f6cca76b897115f).
14:29:36,991 root INFO rate limit changed from 0/0s to 20/1s
14:29:36,991 root INFO rate limit changed from 0/0s to 100/120s
14:29:36,991 root INFO rate limit changed from 0/0s to 2000/60s
14:29:37,237 root INFO rate limit changed from 0/0s to 300/60s
14:29:37,690 root INFO rate limit changed from 0/0s to 2000/60s
14:29:40,901 kraut.log INFO We have logged in as AutoReact#6168
14:29:41,674 root INFO rate limit changed from 0/0s to 20/1s
14:29:41,674 root INFO rate limit changed from 0/0s to 100/120s
14:29:41,674 root INFO rate limit changed from 0/0s to 2000/60s
14:29:41,891 root INFO rate limit changed from 0/0s to 300/60s
14:29:42,315 root INFO rate limit changed from 0/0s to 2000/60s
14:31:20,626 kraut.log INFO Start Bot
14:31:20,627 discord.client INFO logging in using static token
14:31:21,220 discord.gateway INFO Created websocket connected to wss://gateway.discord.gg?encoding=json&v=6&compress=zlib-stream
14:31:21,224 discord.gateway INFO Shard ID None has sent the IDENTIFY payload.
14:31:21,398 discord.gateway INFO Shard ID None has connected to Gateway: ["gateway-prd-main-48cn",{"micros":44482,"calls":["discord-sessions-prd-1-10",{"micros":40801,"calls":["start_session",{"micros":36845,"calls":["api-prd-main-4shh",{"micros":32627,"calls":["get_user",{"micros":3128},"add_authorized_ip",{"micros":1829},"get_guilds",{"micros":3431},"coros_wait",{"micros":1}]}]},"guilds_connect",{"micros":2,"calls":[]},"presence_connect",{"micros":2,"calls":[]}]}]}] (Session ID: 8abb36dc2617cb904c63ddde9ffde403).
14:31:23,405 kraut.log INFO We have logged in as AutoReact#6168
14:31:24,122 root INFO rate limit changed from 0/0s to 20/1s
14:31:24,122 root INFO rate limit changed from 0/0s to 100/120s
14:31:24,122 root INFO rate limit changed from 0/0s to 2000/60s
14:31:24,395 root INFO rate limit changed from 0/0s to 300/60s
14:31:24,646 root INFO rate limit changed from 0/0s to 2000/60s
14:32:27,828 kraut.log INFO Start Bot
14:32:27,829 discord.client INFO logging in using static token
14:32:28,427 discord.gateway INFO Created websocket connected to wss://gateway.discord.gg?encoding=json&v=6&compress=zlib-stream
14:32:28,431 discord.gateway INFO Shard ID None has sent the IDENTIFY payload.
14:32:28,632 discord.gateway INFO Shard ID None has connected to Gateway: ["gateway-prd-main-nmk1",{"micros":64598,"calls":["discord-sessions-prd-1-77",{"micros":62796,"calls":["start_session",{"micros":57060,"calls":["api-prd-main-hhpz",{"micros":52363,"calls":["get_user",{"micros":3562},"add_authorized_ip",{"micros":6809},"get_guilds",{"micros":7448},"coros_wait",{"micros":1}]}]},"guilds_connect",{"micros":2,"calls":[]},"presence_connect",{"micros":1,"calls":[]}]}]}] (Session ID: c6cb4a46f83dff5c45a6f08553c48330).
14:32:30,634 kraut.log INFO We have logged in as AutoReact#6168
14:32:31,851 root INFO rate limit changed from 0/0s to 20/1s
14:32:31,852 root INFO rate limit changed from 0/0s to 100/120s
14:32:31,852 root INFO rate limit changed from 0/0s to 2000/60s
14:32:32,98 root INFO rate limit changed from 0/0s to 300/60s
14:32:32,349 root INFO rate limit changed from 0/0s to 2000/60s
14:33:16,880 kraut.log INFO Start Bot
14:33:16,881 discord.client INFO logging in using static token
14:33:18,503 discord.gateway INFO Created websocket connected to wss://gateway.discord.gg?encoding=json&v=6&compress=zlib-stream
14:33:18,504 discord.gateway INFO Shard ID None has sent the IDENTIFY payload.
14:33:18,700 discord.gateway INFO Shard ID None has connected to Gateway: ["gateway-prd-main-g114",{"micros":68451,"calls":["discord-sessions-prd-1-27",{"micros":61625,"calls":["start_session",{"micros":57367,"calls":["api-prd-main-vs6f",{"micros":54740,"calls":["get_user",{"micros":3778},"add_authorized_ip",{"micros":8638},"get_guilds",{"micros":6506},"coros_wait",{"micros":2}]}]},"guilds_connect",{"micros":1,"calls":[]},"presence_connect",{"micros":3330,"calls":[]}]}]}] (Session ID: 119d09d73b0dca9586a50c534ec154e5).
14:33:20,695 kraut.log INFO We have logged in as AutoReact#6168
14:33:24,847 root INFO rate limit changed from 0/0s to 20/1s
14:33:24,848 root INFO rate limit changed from 0/0s to 100/120s
14:33:24,848 root INFO rate limit changed from 0/0s to 2000/60s
14:33:25,105 root INFO rate limit changed from 0/0s to 300/60s
14:33:25,352 root INFO rate limit changed from 0/0s to 2000/60s
14:34:11,13 kraut.log INFO Start Bot
14:34:11,14 discord.client INFO logging in using static token
14:34:11,614 discord.gateway INFO Created websocket connected to wss://gateway.discord.gg?encoding=json&v=6&compress=zlib-stream
14:34:11,615 discord.gateway INFO Shard ID None has sent the IDENTIFY payload.
14:34:11,868 discord.gateway INFO Shard ID None has connected to Gateway: ["gateway-prd-main-1xmc",{"micros":119169,"calls":["discord-sessions-prd-1-7",{"micros":115856,"calls":["start_session",{"micros":114912,"calls":["api-prd-main-svcp",{"micros":111965,"calls":["get_user",{"micros":12255},"add_authorized_ip",{"micros":8862},"get_guilds",{"micros":2676},"coros_wait",{"micros":2}]}]},"guilds_connect",{"micros":2,"calls":[]},"presence_connect",{"micros":4,"calls":[]}]}]}] (Session ID: 42e08a59147728f1f7d3b64fe748cc4b).
14:34:13,877 kraut.log INFO We have logged in as AutoReact#6168
14:34:18,840 root INFO rate limit changed from 0/0s to 20/1s
14:34:18,840 root INFO rate limit changed from 0/0s to 100/120s
14:34:18,840 root INFO rate limit changed from 0/0s to 2000/60s
14:34:19,88 root INFO rate limit changed from 0/0s to 300/60s
14:34:19,317 root INFO rate limit changed from 0/0s to 2000/60s
14:35:13,140 kraut.log INFO Start Bot
14:35:13,141 discord.client INFO logging in using static token
14:35:13,731 discord.gateway INFO Created websocket connected to wss://gateway.discord.gg?encoding=json&v=6&compress=zlib-stream
14:35:13,732 discord.gateway INFO Shard ID None has sent the IDENTIFY payload.
14:35:13,938 discord.gateway INFO Shard ID None has connected to Gateway: ["gateway-prd-main-ntn4",{"micros":75092,"calls":["discord-sessions-prd-1-74",{"micros":71621,"calls":["start_session",{"micros":69217,"calls":["api-prd-main-xmz8",{"micros":64436,"calls":["get_user",{"micros":4952},"add_authorized_ip",{"micros":1880},"get_guilds",{"micros":7654},"coros_wait",{"micros":2}]}]},"guilds_connect",{"micros":1,"calls":[]},"presence_connect",{"micros":780,"calls":[]}]}]}] (Session ID: a9b0df3a1389000afb9e12d280874fcc).
14:35:15,914 root INFO rate limit changed from 0/0s to 20/1s
14:35:15,915 root INFO rate limit changed from 0/0s to 100/120s
14:35:15,915 root INFO rate limit changed from 0/0s to 2000/60s
14:35:16,173 root INFO rate limit changed from 0/0s to 300/60s
14:35:16,844 root INFO rate limit changed from 0/0s to 2000/60s
14:35:20,205 kraut.log INFO We have logged in as AutoReact#6168
14:38:15,769 kraut.log INFO Start Bot
14:38:15,770 discord.client INFO logging in using static token
14:38:16,394 discord.gateway INFO Created websocket connected to wss://gateway.discord.gg?encoding=json&v=6&compress=zlib-stream
14:38:16,397 discord.gateway INFO Shard ID None has sent the IDENTIFY payload.
14:38:16,616 discord.gateway INFO Shard ID None has connected to Gateway: ["gateway-prd-main-tzm1",{"micros":77956,"calls":["discord-sessions-prd-1-10",{"micros":59820,"calls":["start_session",{"micros":52177,"calls":["api-prd-main-zvll",{"micros":47603,"calls":["get_user",{"micros":3291},"add_authorized_ip",{"micros":1936},"get_guilds",{"micros":2570},"coros_wait",{"micros":1}]}]},"guilds_connect",{"micros":2,"calls":[]},"presence_connect",{"micros":1,"calls":[]}]}]}] (Session ID: f56d9ef238de5d784a03157bb38758e3).
14:38:18,619 kraut.log INFO We have logged in as AutoReact#6168
14:38:21,301 root INFO rate limit changed from 0/0s to 20/1s
14:38:21,301 root INFO rate limit changed from 0/0s to 100/120s
14:38:21,301 root INFO rate limit changed from 0/0s to 2000/60s
14:38:21,541 root INFO rate limit changed from 0/0s to 300/60s
14:38:21,757 root INFO rate limit changed from 0/0s to 2000/60s
14:39:08,463 kraut.log INFO Start Bot
14:39:08,465 discord.client INFO logging in using static token
14:39:09,50 discord.gateway INFO Created websocket connected to wss://gateway.discord.gg?encoding=json&v=6&compress=zlib-stream
14:39:09,52 discord.gateway INFO Shard ID None has sent the IDENTIFY payload.
14:39:09,221 discord.gateway INFO Shard ID None has connected to Gateway: ["gateway-prd-main-nz9k",{"micros":39544,"calls":["discord-sessions-prd-1-74",{"micros":37959,"calls":["start_session",{"micros":33978,"calls":["api-prd-main-mq05",{"micros":31016,"calls":["get_user",{"micros":2495},"add_authorized_ip",{"micros":1690},"get_guilds",{"micros":3326},"coros_wait",{"micros":1}]}]},"guilds_connect",{"micros":2,"calls":[]},"presence_connect",{"micros":0,"calls":[]}]}]}] (Session ID: e1a912c5801055b0b8ca4287f135e47c).
14:39:11,695 root INFO rate limit changed from 0/0s to 20/1s
14:39:11,695 root INFO rate limit changed from 0/0s to 100/120s
14:39:11,695 root INFO rate limit changed from 0/0s to 2000/60s
14:39:11,941 root INFO rate limit changed from 0/0s to 300/60s
14:39:12,230 root INFO rate limit changed from 0/0s to 2000/60s
14:39:15,316 kraut.log INFO We have logged in as AutoReact#6168
14:53:00,517 kraut.log INFO Start Bot
14:53:00,518 discord.client INFO logging in using static token
14:53:01,146 discord.gateway INFO Created websocket connected to wss://gateway.discord.gg?encoding=json&v=6&compress=zlib-stream
14:53:01,147 discord.gateway INFO Shard ID None has sent the IDENTIFY payload.
14:53:01,408 discord.gateway INFO Shard ID None has connected to Gateway: ["gateway-prd-main-9pdh",{"micros":128926,"calls":["discord-sessions-prd-1-52",{"micros":127724,"calls":["start_session",{"micros":119781,"calls":["api-prd-main-zsm5",{"micros":116437,"calls":["get_user",{"micros":8969},"add_authorized_ip",{"micros":12265},"get_guilds",{"micros":8438},"coros_wait",{"micros":2}]}]},"guilds_connect",{"micros":2,"calls":[]},"presence_connect",{"micros":1,"calls":[]}]}]}] (Session ID: 3464709546d0e0c5631cf044227c40c8).
14:53:03,397 kraut.log INFO We have logged in as AutoReact#6168
14:53:05,795 root INFO rate limit changed from 0/0s to 20/1s
14:53:05,795 root INFO rate limit changed from 0/0s to 100/120s
14:53:05,796 root INFO rate limit changed from 0/0s to 2000/60s
14:53:06,59 root INFO rate limit changed from 0/0s to 300/60s
14:53:06,309 root INFO rate limit changed from 0/0s to 2000/60s
14:54:18,403 kraut.log INFO Start Bot
14:54:18,404 discord.client INFO logging in using static token
14:54:19,29 discord.gateway INFO Created websocket connected to wss://gateway.discord.gg?encoding=json&v=6&compress=zlib-stream
14:54:19,32 discord.gateway INFO Shard ID None has sent the IDENTIFY payload.
14:54:19,274 discord.gateway INFO Shard ID None has connected to Gateway: ["gateway-prd-main-825q",{"micros":113703,"calls":["discord-sessions-prd-1-2",{"micros":108399,"calls":["start_session",{"micros":106153,"calls":["api-prd-main-hvbb",{"micros":102632,"calls":["get_user",{"micros":4871},"add_authorized_ip",{"micros":2798},"get_guilds",{"micros":9268},"coros_wait",{"micros":2}]}]},"guilds_connect",{"micros":3,"calls":[]},"presence_connect",{"micros":1488,"calls":[]}]}]}] (Session ID: d3d42a26fccbf62c7d6da14d63fa4021).
14:54:21,275 kraut.log INFO We have logged in as AutoReact#6168
14:54:27,225 root INFO rate limit changed from 0/0s to 20/1s
14:54:27,226 root INFO rate limit changed from 0/0s to 100/120s
14:54:27,226 root INFO rate limit changed from 0/0s to 2000/60s
14:54:27,468 root INFO rate limit changed from 0/0s to 300/60s
14:54:27,756 root INFO rate limit changed from 0/0s to 2000/60s
14:56:56,233 kraut.log INFO Start Bot
14:56:56,234 discord.client INFO logging in using static token
14:56:56,892 discord.gateway INFO Created websocket connected to wss://gateway.discord.gg?encoding=json&v=6&compress=zlib-stream
14:56:56,896 discord.gateway INFO Shard ID None has sent the IDENTIFY payload.
14:56:57,97 discord.gateway INFO Shard ID None has connected to Gateway: ["gateway-prd-main-znnz",{"micros":72648,"calls":["discord-sessions-prd-1-57",{"micros":71195,"calls":["start_session",{"micros":68565,"calls":["api-prd-main-zsm5",{"micros":60549,"calls":["get_user",{"micros":8370},"add_authorized_ip",{"micros":4275},"get_guilds",{"micros":6032},"coros_wait",{"micros":2}]}]},"guilds_connect",{"micros":1,"calls":[]},"presence_connect",{"micros":2046,"calls":[]}]}]}] (Session ID: 4874183a98aab149354fdabd56769be5).
14:56:59,99 kraut.log INFO We have logged in as AutoReact#6168
14:57:02,979 root INFO rate limit changed from 0/0s to 20/1s
14:57:02,980 root INFO rate limit changed from 0/0s to 100/120s
14:57:02,980 root INFO rate limit changed from 0/0s to 2000/60s
14:57:03,207 root INFO rate limit changed from 0/0s to 300/60s
14:57:03,636 root INFO rate limit changed from 0/0s to 2000/60s
15:37:06,368 kraut.log INFO Start Bot
15:37:06,369 discord.client INFO logging in using static token
15:37:07,10 discord.gateway INFO Created websocket connected to wss://gateway.discord.gg?encoding=json&v=6&compress=zlib-stream
15:37:07,16 discord.gateway INFO Shard ID None has sent the IDENTIFY payload.
15:37:07,251 discord.gateway INFO Shard ID None has connected to Gateway: ["gateway-prd-main-6dx1",{"micros":108531,"calls":["discord-sessions-prd-1-20",{"micros":107236,"calls":["start_session",{"micros":104787,"calls":["api-prd-main-bmtl",{"micros":101105,"calls":["get_user",{"micros":7916},"add_authorized_ip",{"micros":3268},"get_guilds",{"micros":4425},"coros_wait",{"micros":2}]}]},"guilds_connect",{"micros":2,"calls":[]},"presence_connect",{"micros":1499,"calls":[]}]}]}] (Session ID: 77ca90e03288dfd20926f7393854a870).
15:37:09,245 kraut.log INFO We have logged in as AutoReact#6168
15:37:35,178 kraut.log ERROR Error handler got called.
Traceback (most recent call last):
  File "C:\Users\Nick\AppData\Roaming\Python\Python37\site-packages\discord\ext\commands\core.py", line 79, in wrapped
    ret = await coro(*args, **kwargs)
  File "c:\Users\Nick\Documents\Discord\Discord_Bot\cogs\kraut.py", line 70, in play_
    await auto_reminder(play_request_message)
NameError: name 'auto_reminder' is not defined

The above exception was the direct cause of the following exception:

Traceback (most recent call last):
  File "C:\Users\Nick\AppData\Roaming\Python\Python37\site-packages\discord\ext\commands\bot.py", line 863, in invoke
    await ctx.command.invoke(ctx)
  File "C:\Users\Nick\AppData\Roaming\Python\Python37\site-packages\discord\ext\commands\core.py", line 728, in invoke
    await injected(*ctx.args, **ctx.kwargs)
  File "C:\Users\Nick\AppData\Roaming\Python\Python37\site-packages\discord\ext\commands\core.py", line 88, in wrapped
    raise CommandInvokeError(exc) from exc
discord.ext.commands.errors.CommandInvokeError: Command raised an exception: NameError: name 'auto_reminder' is not defined
15:38:40,726 kraut.log INFO Start Bot
15:38:40,727 discord.client INFO logging in using static token
15:38:41,297 discord.gateway INFO Created websocket connected to wss://gateway.discord.gg?encoding=json&v=6&compress=zlib-stream
15:38:41,299 discord.gateway INFO Shard ID None has sent the IDENTIFY payload.
15:38:41,507 discord.gateway INFO Shard ID None has connected to Gateway: ["gateway-prd-main-347h",{"micros":78711,"calls":["discord-sessions-prd-1-2",{"micros":74762,"calls":["start_session",{"micros":65445,"calls":["api-prd-main-2plq",{"micros":60934,"calls":["get_user",{"micros":6670},"add_authorized_ip",{"micros":11701},"get_guilds",{"micros":3486},"coros_wait",{"micros":3}]}]},"guilds_connect",{"micros":2,"calls":[]},"presence_connect",{"micros":1,"calls":[]}]}]}] (Session ID: 4b055744c9c333a0df89d953eb8b5047).
15:38:43,514 kraut.log INFO We have logged in as AutoReact#6168
15:38:44,740 kraut.log ERROR Error handler got called.
Traceback (most recent call last):
  File "C:\Users\Nick\AppData\Roaming\Python\Python37\site-packages\discord\ext\commands\core.py", line 79, in wrapped
    ret = await coro(*args, **kwargs)
  File "c:\Users\Nick\Documents\Discord\Discord_Bot\cogs\kraut.py", line 70, in play_
    await self.auto_reminder(play_request_message)
TypeError: auto_reminder() takes 1 positional argument but 2 were given

The above exception was the direct cause of the following exception:

Traceback (most recent call last):
  File "C:\Users\Nick\AppData\Roaming\Python\Python37\site-packages\discord\ext\commands\bot.py", line 863, in invoke
    await ctx.command.invoke(ctx)
  File "C:\Users\Nick\AppData\Roaming\Python\Python37\site-packages\discord\ext\commands\core.py", line 728, in invoke
    await injected(*ctx.args, **ctx.kwargs)
  File "C:\Users\Nick\AppData\Roaming\Python\Python37\site-packages\discord\ext\commands\core.py", line 88, in wrapped
    raise CommandInvokeError(exc) from exc
discord.ext.commands.errors.CommandInvokeError: Command raised an exception: TypeError: auto_reminder() takes 1 positional argument but 2 were given
15:38:58,452 kraut.log INFO Start Bot
15:38:58,453 discord.client INFO logging in using static token
15:38:58,999 discord.gateway INFO Created websocket connected to wss://gateway.discord.gg?encoding=json&v=6&compress=zlib-stream
15:38:58,999 discord.gateway INFO Shard ID None has sent the IDENTIFY payload.
15:38:59,211 discord.gateway INFO Shard ID None has connected to Gateway: ["gateway-prd-main-2pff",{"micros":73245,"calls":["discord-sessions-prd-1-40",{"micros":64882,"calls":["start_session",{"micros":62341,"calls":["api-prd-main-d7kj",{"micros":58277,"calls":["get_user",{"micros":8611},"add_authorized_ip",{"micros":2387},"get_guilds",{"micros":4503},"coros_wait",{"micros":2}]}]},"guilds_connect",{"micros":2,"calls":[]},"presence_connect",{"micros":855,"calls":[]}]}]}] (Session ID: 601dc55d8615d8acac7a4703b600e9b6).
15:39:01,211 kraut.log INFO We have logged in as AutoReact#6168
15:39:13,28 kraut.log INFO Start Bot
15:39:13,29 discord.client INFO logging in using static token
15:39:13,624 discord.gateway INFO Created websocket connected to wss://gateway.discord.gg?encoding=json&v=6&compress=zlib-stream
15:39:13,625 discord.gateway INFO Shard ID None has sent the IDENTIFY payload.
15:39:13,804 discord.gateway INFO Shard ID None has connected to Gateway: ["gateway-prd-main-hs6z",{"micros":43884,"calls":["discord-sessions-prd-1-15",{"micros":37941,"calls":["start_session",{"micros":35897,"calls":["api-prd-main-0251",{"micros":32636,"calls":["get_user",{"micros":3471},"add_authorized_ip",{"micros":1651},"get_guilds",{"micros":1604},"coros_wait",{"micros":1}]}]},"guilds_connect",{"micros":2,"calls":[]},"presence_connect",{"micros":1,"calls":[]}]}]}] (Session ID: a81f9046d85a8504b9ebff9728f4f26a).
15:39:15,809 kraut.log INFO We have logged in as AutoReact#6168
15:40:42,834 kraut.log INFO Start Bot
15:40:42,836 discord.client INFO logging in using static token
15:40:43,429 discord.gateway INFO Created websocket connected to wss://gateway.discord.gg?encoding=json&v=6&compress=zlib-stream
15:40:43,432 discord.gateway INFO Shard ID None has sent the IDENTIFY payload.
15:40:43,611 discord.gateway INFO Shard ID None has connected to Gateway: ["gateway-prd-main-w63d",{"micros":47304,"calls":["discord-sessions-prd-1-39",{"micros":45174,"calls":["start_session",{"micros":39366,"calls":["api-prd-main-tjbn",{"micros":35694,"calls":["get_user",{"micros":3376},"add_authorized_ip",{"micros":1819},"get_guilds",{"micros":3975},"coros_wait",{"micros":3}]}]},"guilds_connect",{"micros":2,"calls":[]},"presence_connect",{"micros":1,"calls":[]}]}]}] (Session ID: c1640cc661f162ce728cfde68c2c0a65).
15:40:45,603 kraut.log INFO We have logged in as AutoReact#6168
15:47:27,632 kraut.log INFO Start Bot
15:47:27,633 discord.client INFO logging in using static token
15:47:28,221 discord.gateway INFO Created websocket connected to wss://gateway.discord.gg?encoding=json&v=6&compress=zlib-stream
15:47:28,224 discord.gateway INFO Shard ID None has sent the IDENTIFY payload.
15:47:28,433 discord.gateway INFO Shard ID None has connected to Gateway: ["gateway-prd-main-zjmn",{"micros":79990,"calls":["discord-sessions-prd-1-50",{"micros":76737,"calls":["start_session",{"micros":70652,"calls":["api-prd-main-bh8f",{"micros":53109,"calls":["get_user",{"micros":5739},"add_authorized_ip",{"micros":2056},"get_guilds",{"micros":3595},"coros_wait",{"micros":2}]}]},"guilds_connect",{"micros":2,"calls":[]},"presence_connect",{"micros":407,"calls":[]}]}]}] (Session ID: 9367be70bfecffee573837b8b3744459).
15:47:30,501 kraut.log INFO We have logged in as AutoReact#6168
15:50:56,865 kraut.log INFO Start Bot
15:50:56,866 discord.client INFO logging in using static token
15:50:57,547 discord.gateway INFO Created websocket connected to wss://gateway.discord.gg?encoding=json&v=6&compress=zlib-stream
15:50:57,551 discord.gateway INFO Shard ID None has sent the IDENTIFY payload.
15:50:57,729 discord.gateway INFO Shard ID None has connected to Gateway: ["gateway-prd-main-jpvn",{"micros":44769,"calls":["discord-sessions-prd-1-60",{"micros":40926,"calls":["start_session",{"micros":36979,"calls":["api-prd-main-x97s",{"micros":33756,"calls":["get_user",{"micros":2561},"add_authorized_ip",{"micros":1774},"get_guilds",{"micros":1918},"coros_wait",{"micros":1}]}]},"guilds_connect",{"micros":2,"calls":[]},"presence_connect",{"micros":3227,"calls":[]}]}]}] (Session ID: fb2eeef3de792079e614b9c8fdf85559).
15:50:59,738 kraut.log INFO We have logged in as AutoReact#6168
15:51:23,669 kraut.log INFO Start Bot
15:51:23,670 discord.client INFO logging in using static token
15:51:24,250 discord.gateway INFO Created websocket connected to wss://gateway.discord.gg?encoding=json&v=6&compress=zlib-stream
15:51:24,252 discord.gateway INFO Shard ID None has sent the IDENTIFY payload.
15:51:24,494 discord.gateway INFO Shard ID None has connected to Gateway: ["gateway-prd-main-6npw",{"micros":112666,"calls":["discord-sessions-prd-1-42",{"micros":111340,"calls":["start_session",{"micros":109373,"calls":["api-prd-main-pw4q",{"micros":101483,"calls":["get_user",{"micros":9153},"add_authorized_ip",{"micros":7431},"get_guilds",{"micros":6126},"coros_wait",{"micros":2}]}]},"guilds_connect",{"micros":2,"calls":[]},"presence_connect",{"micros":796,"calls":[]}]}]}] (Session ID: 6055e2d3838b972619f157ac2c2d3f32).
15:51:26,956 kraut.log INFO We have logged in as AutoReact#6168
16:19:04,320 kraut.log INFO Start Bot
16:19:04,322 discord.client INFO logging in using static token
16:19:04,948 discord.gateway INFO Created websocket connected to wss://gateway.discord.gg?encoding=json&v=6&compress=zlib-stream
16:19:04,951 discord.gateway INFO Shard ID None has sent the IDENTIFY payload.
16:19:05,125 discord.gateway INFO Shard ID None has connected to Gateway: ["gateway-prd-main-swcv",{"micros":44578,"calls":["discord-sessions-prd-1-7",{"micros":43220,"calls":["start_session",{"micros":39724,"calls":["api-prd-main-bgxr",{"micros":33788,"calls":["get_user",{"micros":4773},"add_authorized_ip",{"micros":1269},"get_guilds",{"micros":1293},"coros_wait",{"micros":1}]}]},"guilds_connect",{"micros":1,"calls":[]},"presence_connect",{"micros":2667,"calls":[]}]}]}] (Session ID: 7ff5c4236503f673c73959d683a64a85).
16:19:07,122 kraut.log INFO We have logged in as AutoReact#6168
16:20:03,124 kraut.log INFO Start Bot
16:20:03,125 discord.client INFO logging in using static token
16:20:03,719 discord.gateway INFO Created websocket connected to wss://gateway.discord.gg?encoding=json&v=6&compress=zlib-stream
16:20:03,721 discord.gateway INFO Shard ID None has sent the IDENTIFY payload.
16:20:03,914 discord.gateway INFO Shard ID None has connected to Gateway: ["gateway-prd-main-fd19",{"micros":42031,"calls":["discord-sessions-prd-1-6",{"micros":37797,"calls":["start_session",{"micros":36894,"calls":["api-prd-main-d7kj",{"micros":33015,"calls":["get_user",{"micros":3501},"add_authorized_ip",{"micros":1902},"get_guilds",{"micros":3763},"coros_wait",{"micros":2}]}]},"guilds_connect",{"micros":1,"calls":[]},"presence_connect",{"micros":285,"calls":[]}]}]}] (Session ID: 3b85cdb44799ce5cdb77a468c3b4766e).
16:20:05,926 kraut.log INFO We have logged in as AutoReact#6168
16:21:56,564 kraut.log INFO Start Bot
16:21:56,565 discord.client INFO logging in using static token
16:21:57,132 discord.gateway INFO Created websocket connected to wss://gateway.discord.gg?encoding=json&v=6&compress=zlib-stream
16:21:57,133 discord.gateway INFO Shard ID None has sent the IDENTIFY payload.
16:21:57,318 discord.gateway INFO Shard ID None has connected to Gateway: ["gateway-prd-main-mjr9",{"micros":53896,"calls":["discord-sessions-prd-1-72",{"micros":51430,"calls":["start_session",{"micros":49752,"calls":["api-prd-main-x0xh",{"micros":46039,"calls":["get_user",{"micros":7334},"add_authorized_ip",{"micros":1624},"get_guilds",{"micros":1748},"coros_wait",{"micros":2}]}]},"guilds_connect",{"micros":1,"calls":[]},"presence_connect",{"micros":1015,"calls":[]}]}]}] (Session ID: 4658b084772a1d1994f1c4f16edfd48c).
16:21:59,321 kraut.log INFO We have logged in as AutoReact#6168
16:23:17,708 kraut.log INFO Start Bot
16:23:17,709 discord.client INFO logging in using static token
16:23:18,304 discord.gateway INFO Created websocket connected to wss://gateway.discord.gg?encoding=json&v=6&compress=zlib-stream
16:23:18,309 discord.gateway INFO Shard ID None has sent the IDENTIFY payload.
16:23:18,489 discord.gateway INFO Shard ID None has connected to Gateway: ["gateway-prd-main-ff75",{"micros":49614,"calls":["discord-sessions-prd-1-68",{"micros":39995,"calls":["start_session",{"micros":38013,"calls":["api-prd-main-hf3g",{"micros":34325,"calls":["get_user",{"micros":3609},"add_authorized_ip",{"micros":1956},"get_guilds",{"micros":2448},"coros_wait",{"micros":2}]}]},"guilds_connect",{"micros":2,"calls":[]},"presence_connect",{"micros":1375,"calls":[]}]}]}] (Session ID: 49b354ff482b7e8f606b363ab073340d).
16:23:20,494 kraut.log INFO We have logged in as AutoReact#6168
16:24:05,666 kraut.log INFO Start Bot
16:24:05,669 discord.client INFO logging in using static token
16:24:06,276 discord.gateway INFO Created websocket connected to wss://gateway.discord.gg?encoding=json&v=6&compress=zlib-stream
16:24:06,278 discord.gateway INFO Shard ID None has sent the IDENTIFY payload.
16:24:06,452 discord.gateway INFO Shard ID None has connected to Gateway: ["gateway-prd-main-4bdn",{"micros":40219,"calls":["discord-sessions-prd-1-48",{"micros":37596,"calls":["start_session",{"micros":33818,"calls":["api-prd-main-r1lf",{"micros":30581,"calls":["get_user",{"micros":3012},"add_authorized_ip",{"micros":1603},"get_guilds",{"micros":1676},"coros_wait",{"micros":2}]}]},"guilds_connect",{"micros":2,"calls":[]},"presence_connect",{"micros":1458,"calls":[]}]}]}] (Session ID: 1e7512105060a71b7b64daeb0d453cbd).
16:24:08,456 kraut.log INFO We have logged in as AutoReact#6168
16:24:37,941 kraut.log INFO Start Bot
16:24:37,942 discord.client INFO logging in using static token
16:24:38,540 discord.gateway INFO Created websocket connected to wss://gateway.discord.gg?encoding=json&v=6&compress=zlib-stream
16:24:38,541 discord.gateway INFO Shard ID None has sent the IDENTIFY payload.
16:24:38,713 discord.gateway INFO Shard ID None has connected to Gateway: ["gateway-prd-main-zjmn",{"micros":42525,"calls":["discord-sessions-prd-1-53",{"micros":36690,"calls":["start_session",{"micros":35202,"calls":["api-prd-main-xrn9",{"micros":31362,"calls":["get_user",{"micros":3515},"add_authorized_ip",{"micros":1948},"get_guilds",{"micros":1911},"coros_wait",{"micros":1}]}]},"guilds_connect",{"micros":2,"calls":[]},"presence_connect",{"micros":905,"calls":[]}]}]}] (Session ID: 7a4e2dfba43d6b57f492d6f1fbfd833b).
16:24:40,722 kraut.log INFO We have logged in as AutoReact#6168
16:26:37,477 kraut.log INFO Start Bot
16:26:37,478 discord.client INFO logging in using static token
16:26:38,61 discord.gateway INFO Created websocket connected to wss://gateway.discord.gg?encoding=json&v=6&compress=zlib-stream
16:26:38,63 discord.gateway INFO Shard ID None has sent the IDENTIFY payload.
16:26:38,318 discord.gateway INFO Shard ID None has connected to Gateway: ["gateway-prd-main-hnph",{"micros":113216,"calls":["discord-sessions-prd-1-23",{"micros":111981,"calls":["start_session",{"micros":108165,"calls":["api-prd-main-xr54",{"micros":98288,"calls":["get_user",{"micros":7489},"add_authorized_ip",{"micros":2478},"get_guilds",{"micros":10212},"coros_wait",{"micros":2}]}]},"guilds_connect",{"micros":2,"calls":[]},"presence_connect",{"micros":1,"calls":[]}]}]}] (Session ID: f59d97e6be0de46567cfbcd44c83bc82).
16:26:40,324 kraut.log INFO We have logged in as AutoReact#6168
16:27:21,277 kraut.log INFO Start Bot
16:27:21,278 discord.client INFO logging in using static token
16:27:21,939 discord.gateway INFO Created websocket connected to wss://gateway.discord.gg?encoding=json&v=6&compress=zlib-stream
16:27:21,941 discord.gateway INFO Shard ID None has sent the IDENTIFY payload.
16:27:22,163 discord.gateway INFO Shard ID None has connected to Gateway: ["gateway-prd-main-8d77",{"micros":87764,"calls":["discord-sessions-prd-1-43",{"micros":83718,"calls":["start_session",{"micros":81386,"calls":["api-prd-main-bmtl",{"micros":75383,"calls":["get_user",{"micros":3154},"add_authorized_ip",{"micros":1458},"get_guilds",{"micros":1789},"coros_wait",{"micros":2}]}]},"guilds_connect",{"micros":1,"calls":[]},"presence_connect",{"micros":328,"calls":[]}]}]}] (Session ID: b5d6a15e2928362f73848b4217207ed8).
16:27:24,165 kraut.log INFO We have logged in as AutoReact#6168
16:29:02,430 kraut.log INFO Start Bot
16:29:02,431 discord.client INFO logging in using static token
16:29:03,118 discord.gateway INFO Created websocket connected to wss://gateway.discord.gg?encoding=json&v=6&compress=zlib-stream
16:29:03,119 discord.gateway INFO Shard ID None has sent the IDENTIFY payload.
16:29:03,418 discord.gateway INFO Shard ID None has connected to Gateway: ["gateway-prd-main-8x49",{"micros":44071,"calls":["discord-sessions-prd-1-23",{"micros":39458,"calls":["start_session",{"micros":35302,"calls":["api-prd-main-bmtl",{"micros":31653,"calls":["get_user",{"micros":3549},"add_authorized_ip",{"micros":1948},"get_guilds",{"micros":2410},"coros_wait",{"micros":2}]}]},"guilds_connect",{"micros":2,"calls":[]},"presence_connect",{"micros":3348,"calls":[]}]}]}] (Session ID: e311de4431ff53956c10ac93b6d46c99).
16:29:05,421 kraut.log INFO We have logged in as AutoReact#6168
16:29:38,309 kraut.log INFO Start Bot
16:29:38,310 discord.client INFO logging in using static token
16:29:38,943 discord.gateway INFO Created websocket connected to wss://gateway.discord.gg?encoding=json&v=6&compress=zlib-stream
16:29:38,944 discord.gateway INFO Shard ID None has sent the IDENTIFY payload.
16:29:39,169 discord.gateway INFO Shard ID None has connected to Gateway: ["gateway-prd-main-rxf1",{"micros":92285,"calls":["discord-sessions-prd-1-45",{"micros":85180,"calls":["start_session",{"micros":84273,"calls":["api-prd-main-zz3h",{"micros":76300,"calls":["get_user",{"micros":4047},"add_authorized_ip",{"micros":3684},"get_guilds",{"micros":14885},"coros_wait",{"micros":2}]}]},"guilds_connect",{"micros":2,"calls":[]},"presence_connect",{"micros":282,"calls":[]}]}]}] (Session ID: d805f4a6ac4a64c92978547994592168).
16:29:41,164 kraut.log INFO We have logged in as AutoReact#6168
16:30:48,689 kraut.log INFO Start Bot
16:30:48,690 discord.client INFO logging in using static token
16:30:49,307 discord.gateway INFO Created websocket connected to wss://gateway.discord.gg?encoding=json&v=6&compress=zlib-stream
16:30:49,310 discord.gateway INFO Shard ID None has sent the IDENTIFY payload.
16:30:49,551 discord.gateway INFO Shard ID None has connected to Gateway: ["gateway-prd-main-t325",{"micros":107601,"calls":["discord-sessions-prd-1-73",{"micros":105243,"calls":["start_session",{"micros":98702,"calls":["api-prd-main-tk0t",{"micros":90843,"calls":["get_user",{"micros":17942},"add_authorized_ip",{"micros":1799},"get_guilds",{"micros":3170},"coros_wait",{"micros":2}]}]},"guilds_connect",{"micros":2,"calls":[]},"presence_connect",{"micros":1,"calls":[]}]}]}] (Session ID: 1d06425be06c9c6f7e42b05ce697ebf6).
16:30:51,563 kraut.log INFO We have logged in as AutoReact#6168
16:31:23,350 kraut.log INFO Start Bot
16:31:23,352 discord.client INFO logging in using static token
16:31:23,948 discord.gateway INFO Created websocket connected to wss://gateway.discord.gg?encoding=json&v=6&compress=zlib-stream
16:31:23,951 discord.gateway INFO Shard ID None has sent the IDENTIFY payload.
16:31:24,139 discord.gateway INFO Shard ID None has connected to Gateway: ["gateway-prd-main-t6jw",{"micros":59372,"calls":["discord-sessions-prd-1-49",{"micros":56563,"calls":["start_session",{"micros":55197,"calls":["api-prd-main-hcnp",{"micros":46194,"calls":["get_user",{"micros":2956},"add_authorized_ip",{"micros":2026},"get_guilds",{"micros":2720},"coros_wait",{"micros":0}]}]},"guilds_connect",{"micros":2,"calls":[]},"presence_connect",{"micros":673,"calls":[]}]}]}] (Session ID: 2cc22c4572a2d38d51f4504f9995cccb).
16:31:26,133 kraut.log INFO We have logged in as AutoReact#6168
16:33:18,74 kraut.log INFO Start Bot
16:33:18,75 discord.client INFO logging in using static token
16:33:18,715 discord.gateway INFO Created websocket connected to wss://gateway.discord.gg?encoding=json&v=6&compress=zlib-stream
16:33:18,716 discord.gateway INFO Shard ID None has sent the IDENTIFY payload.
16:33:19,8 discord.gateway INFO Shard ID None has connected to Gateway: ["gateway-prd-main-htgb",{"micros":66009,"calls":["discord-sessions-prd-1-56",{"micros":61064,"calls":["start_session",{"micros":58524,"calls":["api-prd-main-zvll",{"micros":54716,"calls":["get_user",{"micros":3338},"add_authorized_ip",{"micros":1892},"get_guilds",{"micros":5030},"coros_wait",{"micros":2}]}]},"guilds_connect",{"micros":2,"calls":[]},"presence_connect",{"micros":1844,"calls":[]}]}]}] (Session ID: 2802ac7e4d78c2a23876711524275753).
16:33:21,20 kraut.log INFO We have logged in as AutoReact#6168
16:39:05,735 kraut.log INFO Start Bot
16:39:05,736 discord.client INFO logging in using static token
16:39:06,359 discord.gateway INFO Created websocket connected to wss://gateway.discord.gg?encoding=json&v=6&compress=zlib-stream
16:39:06,361 discord.gateway INFO Shard ID None has sent the IDENTIFY payload.
16:39:07,388 discord.gateway INFO Shard ID None has connected to Gateway: ["gateway-prd-main-zjmn",{"micros":895171,"calls":["discord-sessions-prd-1-73",{"micros":892195,"calls":["start_session",{"micros":888378,"calls":["api-prd-main-gpm6",{"micros":884786,"calls":["get_user",{"micros":6429},"add_authorized_ip",{"micros":9037},"get_guilds",{"micros":190153},"coros_wait",{"micros":2}]}]},"guilds_connect",{"micros":1,"calls":[]},"presence_connect",{"micros":1,"calls":[]}]}]}] (Session ID: afe126929c546a238a2a894848b8e661).
16:39:09,394 kraut.log INFO We have logged in as AutoReact#6168
16:40:37,530 kraut.log INFO Start Bot
16:40:37,532 discord.client INFO logging in using static token
16:40:38,112 discord.gateway INFO Created websocket connected to wss://gateway.discord.gg?encoding=json&v=6&compress=zlib-stream
16:40:38,113 discord.gateway INFO Shard ID None has sent the IDENTIFY payload.
16:40:38,312 discord.gateway INFO Shard ID None has connected to Gateway: ["gateway-prd-main-cpkx",{"micros":60765,"calls":["discord-sessions-prd-1-19",{"micros":59132,"calls":["start_session",{"micros":55858,"calls":["api-prd-main-c76c",{"micros":52515,"calls":["get_user",{"micros":4523},"add_authorized_ip",{"micros":1817},"get_guilds",{"micros":13920},"coros_wait",{"micros":2}]}]},"guilds_connect",{"micros":2,"calls":[]},"presence_connect",{"micros":2655,"calls":[]}]}]}] (Session ID: 7ecb7db4a54f220f6514dab1e2b9544d).
16:40:40,323 kraut.log INFO We have logged in as AutoReact#6168
16:41:13,122 kraut.log INFO Start Bot
16:41:13,124 discord.client INFO logging in using static token
16:41:13,735 discord.gateway INFO Created websocket connected to wss://gateway.discord.gg?encoding=json&v=6&compress=zlib-stream
16:41:13,736 discord.gateway INFO Shard ID None has sent the IDENTIFY payload.
16:41:13,916 discord.gateway INFO Shard ID None has connected to Gateway: ["gateway-prd-main-sqtc",{"micros":46491,"calls":["discord-sessions-prd-1-17",{"micros":39940,"calls":["start_session",{"micros":38126,"calls":["api-prd-main-sf53",{"micros":34947,"calls":["get_user",{"micros":3479},"add_authorized_ip",{"micros":1757},"get_guilds",{"micros":6782},"coros_wait",{"micros":2}]}]},"guilds_connect",{"micros":2,"calls":[]},"presence_connect",{"micros":1,"calls":[]}]}]}] (Session ID: ba5ef612192cd7fe9c60aa4517dae034).
16:41:15,920 kraut.log INFO We have logged in as AutoReact#6168
16:42:04,825 kraut.log INFO Start Bot
16:42:04,826 discord.client INFO logging in using static token
16:42:05,429 discord.gateway INFO Created websocket connected to wss://gateway.discord.gg?encoding=json&v=6&compress=zlib-stream
16:42:05,433 discord.gateway INFO Shard ID None has sent the IDENTIFY payload.
16:42:05,666 discord.gateway INFO Shard ID None has connected to Gateway: ["gateway-prd-main-k7ft",{"micros":102417,"calls":["discord-sessions-prd-1-59",{"micros":98329,"calls":["start_session",{"micros":94867,"calls":["api-prd-main-frz3",{"micros":85147,"calls":["get_user",{"micros":10433},"add_authorized_ip",{"micros":2425},"get_guilds",{"micros":7700},"coros_wait",{"micros":2}]}]},"guilds_connect",{"micros":3,"calls":[]},"presence_connect",{"micros":998,"calls":[]}]}]}] (Session ID: c664f135cf5156655579666a8886d120).
16:42:07,674 kraut.log INFO We have logged in as AutoReact#6168
16:42:15,557 kraut.log INFO Maually deleted a message
16:43:29,145 kraut.log INFO Start Bot
16:43:29,146 discord.client INFO logging in using static token
16:43:29,751 discord.gateway INFO Created websocket connected to wss://gateway.discord.gg?encoding=json&v=6&compress=zlib-stream
16:43:29,753 discord.gateway INFO Shard ID None has sent the IDENTIFY payload.
16:43:29,962 discord.gateway INFO Shard ID None has connected to Gateway: ["gateway-prd-main-8s4l",{"micros":76735,"calls":["discord-sessions-prd-1-79",{"micros":75379,"calls":["start_session",{"micros":72606,"calls":["api-prd-main-vljn",{"micros":69114,"calls":["get_user",{"micros":3547},"add_authorized_ip",{"micros":17926},"get_guilds",{"micros":9327},"coros_wait",{"micros":3}]}]},"guilds_connect",{"micros":1,"calls":[]},"presence_connect",{"micros":1470,"calls":[]}]}]}] (Session ID: b2f338c6fdb4b02dfbf5ad9496900bb2).
16:43:31,974 kraut.log INFO We have logged in as AutoReact#6168
16:46:13,972 kraut.log INFO Start Bot
16:46:13,973 discord.client INFO logging in using static token
16:46:14,572 discord.gateway INFO Created websocket connected to wss://gateway.discord.gg?encoding=json&v=6&compress=zlib-stream
16:46:14,575 discord.gateway INFO Shard ID None has sent the IDENTIFY payload.
16:46:14,823 discord.gateway INFO Shard ID None has connected to Gateway: ["gateway-prd-main-fv90",{"micros":107577,"calls":["discord-sessions-prd-1-8",{"micros":105286,"calls":["start_session",{"micros":103833,"calls":["api-prd-main-svcp",{"micros":98757,"calls":["get_user",{"micros":6902},"add_authorized_ip",{"micros":2839},"get_guilds",{"micros":9981},"coros_wait",{"micros":1}]}]},"guilds_connect",{"micros":1,"calls":[]},"presence_connect",{"micros":1,"calls":[]}]}]}] (Session ID: 799f4bcfabf92bc066d28e32fbc59c7a).
16:46:16,832 kraut.log INFO We have logged in as AutoReact#6168
16:47:14,774 kraut.log INFO Start Bot
16:47:14,776 discord.client INFO logging in using static token
16:47:15,375 discord.gateway INFO Created websocket connected to wss://gateway.discord.gg?encoding=json&v=6&compress=zlib-stream
16:47:15,379 discord.gateway INFO Shard ID None has sent the IDENTIFY payload.
16:47:15,570 discord.gateway INFO Shard ID None has connected to Gateway: ["gateway-prd-main-jqz7",{"micros":62372,"calls":["discord-sessions-prd-1-29",{"micros":61355,"calls":["start_session",{"micros":57571,"calls":["api-prd-main-vljn",{"micros":53039,"calls":["get_user",{"micros":6780},"add_authorized_ip",{"micros":1675},"get_guilds",{"micros":9588},"coros_wait",{"micros":2}]}]},"guilds_connect",{"micros":2,"calls":[]},"presence_connect",{"micros":66,"calls":[]}]}]}] (Session ID: 301c99d5918eb9c76d2e5ec10d959a5d).
16:47:17,568 kraut.log INFO We have logged in as AutoReact#6168
16:47:52,838 kraut.log INFO Start Bot
16:47:52,839 discord.client INFO logging in using static token
16:47:53,501 discord.gateway INFO Created websocket connected to wss://gateway.discord.gg?encoding=json&v=6&compress=zlib-stream
16:47:53,502 discord.gateway INFO Shard ID None has sent the IDENTIFY payload.
16:47:53,722 discord.gateway INFO Shard ID None has connected to Gateway: ["gateway-prd-main-8fn4",{"micros":80920,"calls":["discord-sessions-prd-1-18",{"micros":78569,"calls":["start_session",{"micros":69783,"calls":["api-prd-main-p6pw",{"micros":66708,"calls":["get_user",{"micros":5565},"add_authorized_ip",{"micros":4107},"get_guilds",{"micros":6972},"coros_wait",{"micros":1}]}]},"guilds_connect",{"micros":2,"calls":[]},"presence_connect",{"micros":7940,"calls":[]}]}]}] (Session ID: d12f81bff965cb52f463f374ac0bfb28).
16:47:55,714 kraut.log INFO We have logged in as AutoReact#6168
16:48:08,173 kraut.log INFO Start Bot
16:48:08,174 discord.client INFO logging in using static token
16:48:08,805 discord.gateway INFO Created websocket connected to wss://gateway.discord.gg?encoding=json&v=6&compress=zlib-stream
16:48:08,808 discord.gateway INFO Shard ID None has sent the IDENTIFY payload.
16:48:09,34 discord.gateway INFO Shard ID None has connected to Gateway: ["gateway-prd-main-mf0d",{"micros":91267,"calls":["discord-sessions-prd-1-40",{"micros":87857,"calls":["start_session",{"micros":85784,"calls":["api-prd-main-k4d1",{"micros":78173,"calls":["get_user",{"micros":5604},"add_authorized_ip",{"micros":2654},"get_guilds",{"micros":5398},"coros_wait",{"micros":2}]}]},"guilds_connect",{"micros":1,"calls":[]},"presence_connect",{"micros":508,"calls":[]}]}]}] (Session ID: d5d2a31769e34cf118d55421c47b4104).
16:48:11,23 kraut.log INFO We have logged in as AutoReact#6168
16:48:22,554 kraut.log INFO Start Bot
16:48:22,556 discord.client INFO logging in using static token
16:48:23,194 discord.gateway INFO Created websocket connected to wss://gateway.discord.gg?encoding=json&v=6&compress=zlib-stream
16:48:23,197 discord.gateway INFO Shard ID None has sent the IDENTIFY payload.
16:48:23,388 discord.gateway INFO Shard ID None has connected to Gateway: ["gateway-prd-main-7fr5",{"micros":61472,"calls":["discord-sessions-prd-1-77",{"micros":52634,"calls":["start_session",{"micros":48767,"calls":["api-prd-main-v5c9",{"micros":40286,"calls":["get_user",{"micros":3802},"add_authorized_ip",{"micros":2065},"get_guilds",{"micros":5745},"coros_wait",{"micros":3}]}]},"guilds_connect",{"micros":1,"calls":[]},"presence_connect",{"micros":2223,"calls":[]}]}]}] (Session ID: 53796dea06b364c999c47c43c8f5c463).
16:48:25,382 kraut.log INFO We have logged in as AutoReact#6168
16:49:29,379 kraut.log INFO Start Bot
16:49:29,380 discord.client INFO logging in using static token
16:49:29,988 discord.gateway INFO Created websocket connected to wss://gateway.discord.gg?encoding=json&v=6&compress=zlib-stream
16:49:29,989 discord.gateway INFO Shard ID None has sent the IDENTIFY payload.
16:49:30,243 discord.gateway INFO Shard ID None has connected to Gateway: ["gateway-prd-main-bw7q",{"micros":118928,"calls":["discord-sessions-prd-1-69",{"micros":114817,"calls":["start_session",{"micros":111171,"calls":["api-prd-main-w1cg",{"micros":107027,"calls":["get_user",{"micros":5865},"add_authorized_ip",{"micros":3257},"get_guilds",{"micros":6649},"coros_wait",{"micros":2}]}]},"guilds_connect",{"micros":1,"calls":[]},"presence_connect",{"micros":0,"calls":[]}]}]}] (Session ID: 5e96dbd8ab654370ae361d008ff37eb8).
16:49:32,246 kraut.log INFO We have logged in as AutoReact#6168
16:49:59,311 kraut.log INFO Start Bot
16:49:59,312 discord.client INFO logging in using static token
16:49:59,974 discord.gateway INFO Created websocket connected to wss://gateway.discord.gg?encoding=json&v=6&compress=zlib-stream
16:49:59,975 discord.gateway INFO Shard ID None has sent the IDENTIFY payload.
16:50:00,170 discord.gateway INFO Shard ID None has connected to Gateway: ["gateway-prd-main-wxz2",{"micros":60135,"calls":["discord-sessions-prd-1-58",{"micros":59093,"calls":["start_session",{"micros":55994,"calls":["api-prd-main-xrn9",{"micros":52509,"calls":["get_user",{"micros":6263},"add_authorized_ip",{"micros":1557},"get_guilds",{"micros":3651},"coros_wait",{"micros":2}]}]},"guilds_connect",{"micros":1,"calls":[]},"presence_connect",{"micros":2465,"calls":[]}]}]}] (Session ID: 0c02081a31acbc88c8e4b0a81c73eccd).
16:50:02,166 kraut.log INFO We have logged in as AutoReact#6168
16:50:30,935 kraut.log INFO Start Bot
16:50:30,936 discord.client INFO logging in using static token
16:50:31,518 discord.gateway INFO Created websocket connected to wss://gateway.discord.gg?encoding=json&v=6&compress=zlib-stream
16:50:31,522 discord.gateway INFO Shard ID None has sent the IDENTIFY payload.
16:50:31,723 discord.gateway INFO Shard ID None has connected to Gateway: ["gateway-prd-main-994v",{"micros":71373,"calls":["discord-sessions-prd-1-17",{"micros":68779,"calls":["start_session",{"micros":67798,"calls":["api-prd-main-nk00",{"micros":61648,"calls":["get_user",{"micros":6890},"add_authorized_ip",{"micros":1553},"get_guilds",{"micros":10392},"coros_wait",{"micros":1}]}]},"guilds_connect",{"micros":1,"calls":[]},"presence_connect",{"micros":195,"calls":[]}]}]}] (Session ID: 9ed38e49a71f2b573d53369fb1e3bc28).
16:50:33,729 kraut.log INFO We have logged in as AutoReact#6168
16:55:55,789 kraut.log INFO Start Bot
16:55:55,790 discord.client INFO logging in using static token
16:55:56,384 discord.gateway INFO Created websocket connected to wss://gateway.discord.gg?encoding=json&v=6&compress=zlib-stream
16:55:56,386 discord.gateway INFO Shard ID None has sent the IDENTIFY payload.
16:55:56,563 discord.gateway INFO Shard ID None has connected to Gateway: ["gateway-prd-main-5481",{"micros":43595,"calls":["discord-sessions-prd-1-57",{"micros":39460,"calls":["start_session",{"micros":37622,"calls":["api-prd-main-d7kj",{"micros":32966,"calls":["get_user",{"micros":2673},"add_authorized_ip",{"micros":1617},"get_guilds",{"micros":4419},"coros_wait",{"micros":1}]}]},"guilds_connect",{"micros":2,"calls":[]},"presence_connect",{"micros":0,"calls":[]}]}]}] (Session ID: 84cca3b471bfbd79ce9dbfd37f0338d1).
16:55:58,560 kraut.log INFO We have logged in as AutoReact#6168
16:56:17,635 kraut.log INFO Start Bot
16:56:17,637 discord.client INFO logging in using static token
16:56:18,209 discord.gateway INFO Created websocket connected to wss://gateway.discord.gg?encoding=json&v=6&compress=zlib-stream
16:56:18,212 discord.gateway INFO Shard ID None has sent the IDENTIFY payload.
16:56:18,395 discord.gateway INFO Shard ID None has connected to Gateway: ["gateway-prd-main-gk3s",{"micros":51487,"calls":["discord-sessions-prd-1-73",{"micros":46474,"calls":["start_session",{"micros":44430,"calls":["api-prd-main-vnr7",{"micros":40508,"calls":["get_user",{"micros":3840},"add_authorized_ip",{"micros":1338},"get_guilds",{"micros":2959},"coros_wait",{"micros":1}]}]},"guilds_connect",{"micros":2,"calls":[]},"presence_connect",{"micros":3,"calls":[]}]}]}] (Session ID: 143929d92cc76adc66751296219cd10c).
16:56:20,389 kraut.log INFO We have logged in as AutoReact#6168
16:57:04,399 kraut.log INFO Start Bot
16:57:04,400 discord.client INFO logging in using static token
16:57:04,969 discord.gateway INFO Created websocket connected to wss://gateway.discord.gg?encoding=json&v=6&compress=zlib-stream
16:57:04,970 discord.gateway INFO Shard ID None has sent the IDENTIFY payload.
16:57:05,185 discord.gateway INFO Shard ID None has connected to Gateway: ["gateway-prd-main-kbsv",{"micros":77667,"calls":["discord-sessions-prd-1-7",{"micros":73227,"calls":["start_session",{"micros":66390,"calls":["api-prd-main-7rqj",{"micros":62732,"calls":["get_user",{"micros":6250},"add_authorized_ip",{"micros":4477},"get_guilds",{"micros":5726},"coros_wait",{"micros":2}]}]},"guilds_connect",{"micros":2,"calls":[]},"presence_connect",{"micros":1,"calls":[]}]}]}] (Session ID: bb67d347efaa087971b298a3c42b680a).
16:57:07,188 kraut.log INFO We have logged in as AutoReact#6168
16:57:25,691 kraut.log INFO Start Bot
16:57:25,692 discord.client INFO logging in using static token
16:57:26,315 discord.gateway INFO Created websocket connected to wss://gateway.discord.gg?encoding=json&v=6&compress=zlib-stream
16:57:26,317 discord.gateway INFO Shard ID None has sent the IDENTIFY payload.
16:57:26,615 discord.gateway INFO Shard ID None has connected to Gateway: ["gateway-prd-main-6s1r",{"micros":164582,"calls":["discord-sessions-prd-1-46",{"micros":153257,"calls":["start_session",{"micros":150616,"calls":["api-prd-main-trp7",{"micros":144151,"calls":["get_user",{"micros":11165},"add_authorized_ip",{"micros":14544},"get_guilds",{"micros":10000},"coros_wait",{"micros":2}]}]},"guilds_connect",{"micros":2,"calls":[]},"presence_connect",{"micros":1934,"calls":[]}]}]}] (Session ID: c1e0c789ff93fb2bb3a15ce8a8b8997f).
16:57:28,629 kraut.log INFO We have logged in as AutoReact#6168
16:59:00,486 kraut.log INFO Start Bot
16:59:00,488 discord.client INFO logging in using static token
16:59:01,104 discord.gateway INFO Created websocket connected to wss://gateway.discord.gg?encoding=json&v=6&compress=zlib-stream
16:59:01,106 discord.gateway INFO Shard ID None has sent the IDENTIFY payload.
16:59:01,345 discord.gateway INFO Shard ID None has connected to Gateway: ["gateway-prd-main-xqz2",{"micros":105310,"calls":["discord-sessions-prd-1-68",{"micros":95626,"calls":["start_session",{"micros":93298,"calls":["api-prd-main-pn1g",{"micros":89959,"calls":["get_user",{"micros":7779},"add_authorized_ip",{"micros":3474},"get_guilds",{"micros":5697},"coros_wait",{"micros":2}]}]},"guilds_connect",{"micros":2,"calls":[]},"presence_connect",{"micros":1,"calls":[]}]}]}] (Session ID: bde97e70285fa55ba3a5d1a7cac8c0fe).
16:59:03,344 kraut.log INFO We have logged in as AutoReact#6168
16:59:26,583 kraut.log INFO Start Bot
16:59:26,584 discord.client INFO logging in using static token
16:59:27,230 discord.gateway INFO Created websocket connected to wss://gateway.discord.gg?encoding=json&v=6&compress=zlib-stream
16:59:27,233 discord.gateway INFO Shard ID None has sent the IDENTIFY payload.
16:59:27,431 discord.gateway INFO Shard ID None has connected to Gateway: ["gateway-prd-main-2pff",{"micros":61279,"calls":["discord-sessions-prd-1-54",{"micros":55781,"calls":["start_session",{"micros":53946,"calls":["api-prd-main-zht9",{"micros":50534,"calls":["get_user",{"micros":6453},"add_authorized_ip",{"micros":1829},"get_guilds",{"micros":5692},"coros_wait",{"micros":1}]}]},"guilds_connect",{"micros":2,"calls":[]},"presence_connect",{"micros":1,"calls":[]}]}]}] (Session ID: aaf1d2072d89c90819388eb57149a222).
16:59:29,427 kraut.log INFO We have logged in as AutoReact#6168
17:00:31,502 kraut.log INFO Start Bot
17:00:31,503 discord.client INFO logging in using static token
17:00:32,75 discord.gateway INFO Created websocket connected to wss://gateway.discord.gg?encoding=json&v=6&compress=zlib-stream
17:00:32,78 discord.gateway INFO Shard ID None has sent the IDENTIFY payload.
17:00:32,295 discord.gateway INFO Shard ID None has connected to Gateway: ["gateway-prd-main-fd19",{"micros":88571,"calls":["discord-sessions-prd-1-45",{"micros":84389,"calls":["start_session",{"micros":80380,"calls":["api-prd-main-2vx9",{"micros":76340,"calls":["get_user",{"micros":17869},"add_authorized_ip",{"micros":2209},"get_guilds",{"micros":5858},"coros_wait",{"micros":2}]}]},"guilds_connect",{"micros":2,"calls":[]},"presence_connect",{"micros":1764,"calls":[]}]}]}] (Session ID: 88a321a1397e538fd65422646b365d5c).
17:00:34,302 kraut.log INFO We have logged in as AutoReact#6168
17:00:54,483 kraut.log INFO Start Bot
17:00:54,484 discord.client INFO logging in using static token
17:00:55,294 discord.gateway INFO Created websocket connected to wss://gateway.discord.gg?encoding=json&v=6&compress=zlib-stream
17:00:55,295 discord.gateway INFO Shard ID None has sent the IDENTIFY payload.
17:00:55,470 discord.gateway INFO Shard ID None has connected to Gateway: ["gateway-prd-main-pvtc",{"micros":45943,"calls":["discord-sessions-prd-1-42",{"micros":43559,"calls":["start_session",{"micros":42338,"calls":["api-prd-main-zjbd",{"micros":39136,"calls":["get_user",{"micros":6722},"add_authorized_ip",{"micros":3983},"get_guilds",{"micros":3765},"coros_wait",{"micros":2}]}]},"guilds_connect",{"micros":2,"calls":[]},"presence_connect",{"micros":427,"calls":[]}]}]}] (Session ID: 028ce1856cc95dcdc691a3f7ee08f8ea).
17:00:57,473 kraut.log INFO We have logged in as AutoReact#6168
17:02:27,809 kraut.log INFO Start Bot
17:02:27,811 discord.client INFO logging in using static token
17:02:28,386 discord.gateway INFO Created websocket connected to wss://gateway.discord.gg?encoding=json&v=6&compress=zlib-stream
17:02:28,390 discord.gateway INFO Shard ID None has sent the IDENTIFY payload.
17:02:28,760 discord.gateway INFO Shard ID None has connected to Gateway: ["gateway-prd-main-71q2",{"micros":230034,"calls":["discord-sessions-prd-1-9",{"micros":227674,"calls":["start_session",{"micros":173931,"calls":["api-prd-main-9b88",{"micros":149641,"calls":["get_user",{"micros":9254},"add_authorized_ip",{"micros":11346},"get_guilds",{"micros":44963},"coros_wait",{"micros":2}]}]},"guilds_connect",{"micros":2,"calls":[]},"presence_connect",{"micros":42444,"calls":[]}]}]}] (Session ID: 101c89521b8e4f0c9fa9bd501925cf5c).
17:02:30,765 kraut.log INFO We have logged in as AutoReact#6168
17:05:56,209 kraut.log INFO Start Bot
17:05:56,214 discord.client INFO logging in using static token
17:05:56,795 discord.gateway INFO Created websocket connected to wss://gateway.discord.gg?encoding=json&v=6&compress=zlib-stream
17:05:56,796 discord.gateway INFO Shard ID None has sent the IDENTIFY payload.
17:05:57,40 discord.gateway INFO Shard ID None has connected to Gateway: ["gateway-prd-main-q1jg",{"micros":92544,"calls":["discord-sessions-prd-1-61",{"micros":88422,"calls":["start_session",{"micros":87008,"calls":["api-prd-main-73nf",{"micros":82905,"calls":["get_user",{"micros":4752},"add_authorized_ip",{"micros":8016},"get_guilds",{"micros":5233},"coros_wait",{"micros":3}]}]},"guilds_connect",{"micros":1,"calls":[]},"presence_connect",{"micros":1,"calls":[]}]}]}] (Session ID: 4f1961b3ae4be2b24d8060c483c9803f).
17:05:57,448 kraut.log ERROR Error handler got called.
Traceback (most recent call last):
  File "C:\Users\Nick\AppData\Roaming\Python\Python37\site-packages\discord\ext\commands\core.py", line 79, in wrapped
    ret = await coro(*args, **kwargs)
  File "c:\Users\Nick\Documents\Discord\Discord_Bot\cogs\kraut.py", line 56, in play_
    message = consts.MESSAGE_PLAY_LOL.format(ctx.guild.get_role(consts.GAME_NAME_TO_ROLE_ID_DICT[game_name]).mention, ctx.message.author.mention, consts.GAME_NAME_DICT[game_name], _time)
AttributeError: module 'core.consts' has no attribute 'MESSAGE_PLAY_LOL'

The above exception was the direct cause of the following exception:

Traceback (most recent call last):
  File "C:\Users\Nick\AppData\Roaming\Python\Python37\site-packages\discord\ext\commands\bot.py", line 863, in invoke
    await ctx.command.invoke(ctx)
  File "C:\Users\Nick\AppData\Roaming\Python\Python37\site-packages\discord\ext\commands\core.py", line 728, in invoke
    await injected(*ctx.args, **ctx.kwargs)
  File "C:\Users\Nick\AppData\Roaming\Python\Python37\site-packages\discord\ext\commands\core.py", line 88, in wrapped
    raise CommandInvokeError(exc) from exc
discord.ext.commands.errors.CommandInvokeError: Command raised an exception: AttributeError: module 'core.consts' has no attribute 'MESSAGE_PLAY_LOL'
17:05:59,39 kraut.log INFO We have logged in as AutoReact#6168
17:06:55,181 kraut.log INFO Start Bot
17:06:55,181 discord.client INFO logging in using static token
17:06:55,863 discord.gateway INFO Created websocket connected to wss://gateway.discord.gg?encoding=json&v=6&compress=zlib-stream
17:06:55,864 discord.gateway INFO Shard ID None has sent the IDENTIFY payload.
17:06:56,41 discord.gateway INFO Shard ID None has connected to Gateway: ["gateway-prd-main-fqfb",{"micros":44427,"calls":["discord-sessions-prd-1-49",{"micros":39639,"calls":["start_session",{"micros":36776,"calls":["api-prd-main-trp7",{"micros":32245,"calls":["get_user",{"micros":3289},"add_authorized_ip",{"micros":1833},"get_guilds",{"micros":1963},"coros_wait",{"micros":1}]}]},"guilds_connect",{"micros":2,"calls":[]},"presence_connect",{"micros":1,"calls":[]}]}]}] (Session ID: 8ab692e2d0a5c469532cba4151e507fd).
17:06:58,48 kraut.log INFO We have logged in as AutoReact#6168
20:02:31,526 kraut.log INFO Start Bot
20:02:31,527 discord.client INFO logging in using static token
20:02:32,148 discord.gateway INFO Created websocket connected to wss://gateway.discord.gg?encoding=json&v=6&compress=zlib-stream
20:02:32,149 discord.gateway INFO Shard ID None has sent the IDENTIFY payload.
20:02:32,367 discord.gateway INFO Shard ID None has connected to Gateway: ["gateway-prd-main-mktv",{"micros":64219,"calls":["discord-sessions-prd-1-21",{"micros":62695,"calls":["start_session",{"micros":60017,"calls":["api-prd-main-z04t",{"micros":55658,"calls":["get_user",{"micros":3720},"add_authorized_ip",{"micros":1611},"get_guilds",{"micros":4308},"coros_wait",{"micros":2}]}]},"guilds_connect",{"micros":1,"calls":[]},"presence_connect",{"micros":1850,"calls":[]}]}]}] (Session ID: 692c19c5d9683297d463c18347230ae6).
20:02:34,376 kraut.log INFO We have logged in as AutoReact#6168
20:03:17,419 kraut.log INFO Start Bot
20:03:17,420 discord.client INFO logging in using static token
20:03:18,0 discord.gateway INFO Created websocket connected to wss://gateway.discord.gg?encoding=json&v=6&compress=zlib-stream
20:03:18,3 discord.gateway INFO Shard ID None has sent the IDENTIFY payload.
20:03:18,181 discord.gateway INFO Shard ID None has connected to Gateway: ["gateway-prd-main-h3b3",{"micros":42946,"calls":["discord-sessions-prd-1-61",{"micros":38242,"calls":["start_session",{"micros":35486,"calls":["api-prd-main-dn84",{"micros":31205,"calls":["get_user",{"micros":3462},"add_authorized_ip",{"micros":1718},"get_guilds",{"micros":1638},"coros_wait",{"micros":1}]}]},"guilds_connect",{"micros":2,"calls":[]},"presence_connect",{"micros":1,"calls":[]}]}]}] (Session ID: eec9e3f52358d69badd6adca10e9f808).
20:03:20,177 kraut.log INFO We have logged in as AutoReact#6168
20:03:59,149 kraut.log INFO Start Bot
20:03:59,152 discord.client INFO logging in using static token
20:03:59,711 discord.gateway INFO Created websocket connected to wss://gateway.discord.gg?encoding=json&v=6&compress=zlib-stream
20:03:59,712 discord.gateway INFO Shard ID None has sent the IDENTIFY payload.
20:03:59,974 discord.gateway INFO Shard ID None has connected to Gateway: ["gateway-prd-main-5p3z",{"micros":106545,"calls":["discord-sessions-prd-1-23",{"micros":103180,"calls":["start_session",{"micros":47225,"calls":["api-prd-main-rk60",{"micros":43740,"calls":["get_user",{"micros":2896},"add_authorized_ip",{"micros":1519},"get_guilds",{"micros":7560},"coros_wait",{"micros":2}]}]},"guilds_connect",{"micros":1,"calls":[]},"presence_connect",{"micros":1,"calls":[]}]}]}] (Session ID: 874c1f8abd876aecd33461de60461c67).
20:04:01,978 kraut.log INFO We have logged in as AutoReact#6168
20:08:26,678 kraut.log INFO Start Bot
20:08:26,681 discord.client INFO logging in using static token
20:08:27,292 discord.gateway INFO Created websocket connected to wss://gateway.discord.gg?encoding=json&v=6&compress=zlib-stream
20:08:27,294 discord.gateway INFO Shard ID None has sent the IDENTIFY payload.
20:08:27,461 discord.gateway INFO Shard ID None has connected to Gateway: ["gateway-prd-main-cjj0",{"micros":31167,"calls":["discord-sessions-prd-1-38",{"micros":29814,"calls":["start_session",{"micros":28775,"calls":["api-prd-main-t4hg",{"micros":25393,"calls":["get_user",{"micros":3221},"add_authorized_ip",{"micros":1487},"get_guilds",{"micros":1500},"coros_wait",{"micros":0}]}]},"guilds_connect",{"micros":1,"calls":[]},"presence_connect",{"micros":123,"calls":[]}]}]}] (Session ID: 1f8841dbdaf1dae87c53f78bf6f5db93).
20:08:29,468 kraut.log INFO We have logged in as AutoReact#6168
20:09:44,259 kraut.log INFO Start Bot
20:09:44,260 discord.client INFO logging in using static token
20:09:44,862 discord.gateway INFO Created websocket connected to wss://gateway.discord.gg?encoding=json&v=6&compress=zlib-stream
20:09:44,863 discord.gateway INFO Shard ID None has sent the IDENTIFY payload.
20:09:45,37 discord.gateway INFO Shard ID None has connected to Gateway: ["gateway-prd-main-37mt",{"micros":42630,"calls":["discord-sessions-prd-1-39",{"micros":40101,"calls":["start_session",{"micros":35182,"calls":["api-prd-main-dp7c",{"micros":31957,"calls":["get_user",{"micros":2552},"add_authorized_ip",{"micros":1792},"get_guilds",{"micros":4267},"coros_wait",{"micros":1}]}]},"guilds_connect",{"micros":2,"calls":[]},"presence_connect",{"micros":0,"calls":[]}]}]}] (Session ID: 5d1e36b946e39cf0539d7a1bdcfee2df).
20:09:47,52 kraut.log INFO We have logged in as AutoReact#6168
20:10:02,625 kraut.log INFO Start Bot
20:10:02,626 discord.client INFO logging in using static token
20:10:03,219 discord.gateway INFO Created websocket connected to wss://gateway.discord.gg?encoding=json&v=6&compress=zlib-stream
20:10:03,220 discord.gateway INFO Shard ID None has sent the IDENTIFY payload.
20:10:03,425 discord.gateway INFO Shard ID None has connected to Gateway: ["gateway-prd-main-mktv",{"micros":73436,"calls":["discord-sessions-prd-1-19",{"micros":71921,"calls":["start_session",{"micros":69975,"calls":["api-prd-main-zx9n",{"micros":66928,"calls":["get_user",{"micros":5773},"add_authorized_ip",{"micros":1624},"get_guilds",{"micros":4141},"coros_wait",{"micros":1}]}]},"guilds_connect",{"micros":2,"calls":[]},"presence_connect",{"micros":1,"calls":[]}]}]}] (Session ID: 69d7f1e74503faf732b5e207a7726e24).
20:10:05,423 kraut.log INFO We have logged in as AutoReact#6168
20:11:37,502 kraut.log INFO Start Bot
20:11:37,503 discord.client INFO logging in using static token
20:11:38,64 discord.gateway INFO Created websocket connected to wss://gateway.discord.gg?encoding=json&v=6&compress=zlib-stream
20:11:38,66 discord.gateway INFO Shard ID None has sent the IDENTIFY payload.
20:11:38,242 discord.gateway INFO Shard ID None has connected to Gateway: ["gateway-prd-main-75h2",{"micros":45770,"calls":["discord-sessions-prd-1-67",{"micros":41143,"calls":["start_session",{"micros":37613,"calls":["api-prd-main-nw2s",{"micros":32756,"calls":["get_user",{"micros":2324},"add_authorized_ip",{"micros":1555},"get_guilds",{"micros":1768},"coros_wait",{"micros":1}]}]},"guilds_connect",{"micros":2,"calls":[]},"presence_connect",{"micros":1,"calls":[]}]}]}] (Session ID: b9f088cc2b53f121c92500e4b8714e76).
20:11:40,253 kraut.log INFO We have logged in as AutoReact#6168
20:37:03,996 kraut.log INFO Start Bot
20:37:03,997 discord.client INFO logging in using static token
20:37:04,604 discord.gateway INFO Created websocket connected to wss://gateway.discord.gg?encoding=json&v=6&compress=zlib-stream
20:37:04,606 discord.gateway INFO Shard ID None has sent the IDENTIFY payload.
20:37:04,780 discord.gateway INFO Shard ID None has connected to Gateway: ["gateway-prd-main-2q0p",{"micros":42644,"calls":["discord-sessions-prd-1-79",{"micros":38612,"calls":["start_session",{"micros":35057,"calls":["api-prd-main-r2r0",{"micros":31849,"calls":["get_user",{"micros":3621},"add_authorized_ip",{"micros":1710},"get_guilds",{"micros":1800},"coros_wait",{"micros":1}]}]},"guilds_connect",{"micros":2,"calls":[]},"presence_connect",{"micros":2510,"calls":[]}]}]}] (Session ID: e49f304e76e6be8b93850c471ea17abd).
20:37:06,783 kraut.log INFO We have logged in as AutoReact#6168
11:32:37,851 kraut.log INFO Start Bot
11:32:37,852 discord.client INFO logging in using static token
11:32:38,495 discord.gateway INFO Created websocket connected to wss://gateway.discord.gg?encoding=json&v=6&compress=zlib-stream
11:32:38,497 discord.gateway INFO Shard ID None has sent the IDENTIFY payload.
11:32:38,716 discord.gateway INFO Shard ID None has connected to Gateway: ["gateway-prd-main-7fr5",{"micros":89194,"calls":["discord-sessions-prd-1-45",{"micros":84334,"calls":["start_session",{"micros":79624,"calls":["api-prd-main-gh5v",{"micros":76397,"calls":["get_user",{"micros":5934},"add_authorized_ip",{"micros":2586},"get_guilds",{"micros":17490},"coros_wait",{"micros":3}]}]},"guilds_connect",{"micros":1,"calls":[]},"presence_connect",{"micros":1,"calls":[]}]}]}] (Session ID: 910bca34f251c4881a1e541d2fc682cc).
11:32:40,709 kraut.log INFO We have logged in as AutoReact#6168
11:32:57,687 kraut.log INFO Start Bot
11:32:57,688 discord.client INFO logging in using static token
11:32:58,324 discord.gateway INFO Created websocket connected to wss://gateway.discord.gg?encoding=json&v=6&compress=zlib-stream
11:32:58,327 discord.gateway INFO Shard ID None has sent the IDENTIFY payload.
11:32:58,596 discord.gateway INFO Shard ID None has connected to Gateway: ["gateway-prd-main-8cj9",{"micros":140301,"calls":["discord-sessions-prd-1-65",{"micros":128435,"calls":["start_session",{"micros":127378,"calls":["api-prd-main-t2qw",{"micros":124079,"calls":["get_user",{"micros":21307},"add_authorized_ip",{"micros":7464},"get_guilds",{"micros":27901},"coros_wait",{"micros":2}]}]},"guilds_connect",{"micros":1,"calls":[]},"presence_connect",{"micros":384,"calls":[]}]}]}] (Session ID: 1cacd2daec6b9d55def4c516acf65497).
11:33:00,593 kraut.log INFO We have logged in as AutoReact#6168
11:37:17,792 kraut.log INFO Start Bot
11:37:17,793 discord.client INFO logging in using static token
11:37:18,439 discord.gateway INFO Created websocket connected to wss://gateway.discord.gg?encoding=json&v=6&compress=zlib-stream
11:37:18,440 discord.gateway INFO Shard ID None has sent the IDENTIFY payload.
11:37:18,651 discord.gateway INFO Shard ID None has connected to Gateway: ["gateway-prd-main-cjj0",{"micros":80765,"calls":["discord-sessions-prd-1-71",{"micros":78328,"calls":["start_session",{"micros":76806,"calls":["api-prd-main-kl5w",{"micros":71841,"calls":["get_user",{"micros":10784},"add_authorized_ip",{"micros":1984},"get_guilds",{"micros":6858},"coros_wait",{"micros":2}]}]},"guilds_connect",{"micros":1,"calls":[]},"presence_connect",{"micros":738,"calls":[]}]}]}] (Session ID: ad910fe67dbce7edd2727cb6522e515a).
11:37:20,656 kraut.log INFO We have logged in as AutoReact#6168
11:42:05,319 kraut.log INFO Start Bot
11:42:05,320 discord.client INFO logging in using static token
11:42:05,926 discord.gateway INFO Created websocket connected to wss://gateway.discord.gg?encoding=json&v=6&compress=zlib-stream
11:42:05,926 discord.gateway INFO Shard ID None has sent the IDENTIFY payload.
11:42:06,153 discord.gateway INFO Shard ID None has connected to Gateway: ["gateway-prd-main-97gl",{"micros":91586,"calls":["discord-sessions-prd-1-11",{"micros":89052,"calls":["start_session",{"micros":79744,"calls":["api-prd-main-w0nf",{"micros":73870,"calls":["get_user",{"micros":8767},"add_authorized_ip",{"micros":6258},"get_guilds",{"micros":5814},"coros_wait",{"micros":2}]}]},"guilds_connect",{"micros":1,"calls":[]},"presence_connect",{"micros":1,"calls":[]}]}]}] (Session ID: fcc8d79e1f4dafa70992e564839f6958).
11:42:08,160 kraut.log INFO We have logged in as AutoReact#6168
11:42:11,972 kraut.log ERROR Error handler got called.
Traceback (most recent call last):
  File "C:\Users\Nick\AppData\Roaming\Python\Python37\site-packages\discord\ext\commands\core.py", line 79, in wrapped
    ret = await coro(*args, **kwargs)
  File "c:\Users\Nick\Documents\Discord\Discord_Bot\cogs\kraut.py", line 68, in play_
    await play_request_message.author.send(consts.MESSAGE_PLAY_REQUEST_CREATED.format(ctx.message.author.name, consts.GAME_NAME_DICT[game_name], ctx.message.jump_url))
  File "C:\Users\Nick\AppData\Roaming\Python\Python37\site-packages\discord\abc.py", line 791, in send
    channel = await self._get_channel()
  File "C:\Users\Nick\AppData\Roaming\Python\Python37\site-packages\discord\member.py", line 229, in _get_channel
    ch = await self.create_dm()
  File "C:\Users\Nick\AppData\Roaming\Python\Python37\site-packages\discord\member.py", line 103, in general
    return getattr(self._user, x)(*args, **kwargs)
AttributeError: 'ClientUser' object has no attribute 'create_dm'

The above exception was the direct cause of the following exception:

Traceback (most recent call last):
  File "C:\Users\Nick\AppData\Roaming\Python\Python37\site-packages\discord\ext\commands\bot.py", line 863, in invoke
    await ctx.command.invoke(ctx)
  File "C:\Users\Nick\AppData\Roaming\Python\Python37\site-packages\discord\ext\commands\core.py", line 728, in invoke
    await injected(*ctx.args, **ctx.kwargs)
  File "C:\Users\Nick\AppData\Roaming\Python\Python37\site-packages\discord\ext\commands\core.py", line 88, in wrapped
    raise CommandInvokeError(exc) from exc
discord.ext.commands.errors.CommandInvokeError: Command raised an exception: AttributeError: 'ClientUser' object has no attribute 'create_dm'
11:43:09,789 kraut.log INFO Start Bot
11:43:09,790 discord.client INFO logging in using static token
11:43:10,490 discord.gateway INFO Created websocket connected to wss://gateway.discord.gg?encoding=json&v=6&compress=zlib-stream
11:43:10,494 discord.gateway INFO Shard ID None has sent the IDENTIFY payload.
11:43:10,705 discord.gateway INFO Shard ID None has connected to Gateway: ["gateway-prd-main-0j7w",{"micros":80342,"calls":["discord-sessions-prd-1-38",{"micros":70977,"calls":["start_session",{"micros":68587,"calls":["api-prd-main-ddvp",{"micros":60728,"calls":["get_user",{"micros":4154},"add_authorized_ip",{"micros":9524},"get_guilds",{"micros":5383},"coros_wait",{"micros":2}]}]},"guilds_connect",{"micros":1,"calls":[]},"presence_connect",{"micros":0,"calls":[]}]}]}] (Session ID: 49e054859f9c40552b41d87d9ba68da3).
11:43:12,718 kraut.log INFO We have logged in as AutoReact#6168
11:43:39,291 kraut.log INFO Start Bot
11:43:39,292 discord.client INFO logging in using static token
11:43:39,831 discord.gateway INFO Created websocket connected to wss://gateway.discord.gg?encoding=json&v=6&compress=zlib-stream
11:43:39,833 discord.gateway INFO Shard ID None has sent the IDENTIFY payload.
11:43:40,223 discord.gateway INFO Shard ID None has connected to Gateway: ["gateway-prd-main-2kqn",{"micros":260413,"calls":["discord-sessions-prd-1-39",{"micros":259018,"calls":["start_session",{"micros":255490,"calls":["api-prd-main-sws8",{"micros":252473,"calls":["get_user",{"micros":2932},"add_authorized_ip",{"micros":1533},"get_guilds",{"micros":220890},"coros_wait",{"micros":2}]}]},"guilds_connect",{"micros":1,"calls":[]},"presence_connect",{"micros":1,"calls":[]}]}]}] (Session ID: b8d65f1a97fa2413581ea89f6a54043e).
11:43:42,247 kraut.log INFO We have logged in as AutoReact#6168
11:43:43,217 kraut.log ERROR Error handler got called.
Traceback (most recent call last):
  File "C:\Users\Nick\AppData\Roaming\Python\Python37\site-packages\discord\ext\commands\core.py", line 79, in wrapped
    ret = await coro(*args, **kwargs)
  File "c:\Users\Nick\Documents\Discord\Discord_Bot\cogs\kraut.py", line 68, in play_
    await ctx.message.author.send(consts.MESSAGE_PLAY_REQUEST_CREATED.format(ctx.message.author.name, consts.GAME_NAME_DICT[game_name], play_request_message.message.jump_url))
AttributeError: 'Message' object has no attribute 'message'

The above exception was the direct cause of the following exception:

Traceback (most recent call last):
  File "C:\Users\Nick\AppData\Roaming\Python\Python37\site-packages\discord\ext\commands\bot.py", line 863, in invoke
    await ctx.command.invoke(ctx)
  File "C:\Users\Nick\AppData\Roaming\Python\Python37\site-packages\discord\ext\commands\core.py", line 728, in invoke
    await injected(*ctx.args, **ctx.kwargs)
  File "C:\Users\Nick\AppData\Roaming\Python\Python37\site-packages\discord\ext\commands\core.py", line 88, in wrapped
    raise CommandInvokeError(exc) from exc
discord.ext.commands.errors.CommandInvokeError: Command raised an exception: AttributeError: 'Message' object has no attribute 'message'
11:43:55,904 kraut.log INFO Start Bot
11:43:55,905 discord.client INFO logging in using static token
11:43:56,500 discord.gateway INFO Created websocket connected to wss://gateway.discord.gg?encoding=json&v=6&compress=zlib-stream
11:43:56,502 discord.gateway INFO Shard ID None has sent the IDENTIFY payload.
11:43:56,753 discord.gateway INFO Shard ID None has connected to Gateway: ["gateway-prd-main-mxw4",{"micros":115417,"calls":["discord-sessions-prd-1-24",{"micros":110787,"calls":["start_session",{"micros":109055,"calls":["api-prd-main-pxvp",{"micros":101732,"calls":["get_user",{"micros":14033},"add_authorized_ip",{"micros":5816},"get_guilds",{"micros":8614},"coros_wait",{"micros":2}]}]},"guilds_connect",{"micros":2,"calls":[]},"presence_connect",{"micros":942,"calls":[]}]}]}] (Session ID: 4a33d7849413f206d5c7a3df751a15ba).
11:43:58,767 kraut.log INFO We have logged in as AutoReact#6168
11:44:43,963 kraut.log INFO Start Bot
11:44:43,964 discord.client INFO logging in using static token
11:44:44,552 discord.gateway INFO Created websocket connected to wss://gateway.discord.gg?encoding=json&v=6&compress=zlib-stream
11:44:44,553 discord.gateway INFO Shard ID None has sent the IDENTIFY payload.
11:44:44,758 discord.gateway INFO Shard ID None has connected to Gateway: ["gateway-prd-main-0v2f",{"micros":68682,"calls":["discord-sessions-prd-1-75",{"micros":67573,"calls":["start_session",{"micros":51985,"calls":["api-prd-main-4vr2",{"micros":48167,"calls":["get_user",{"micros":3059},"add_authorized_ip",{"micros":1868},"get_guilds",{"micros":4713},"coros_wait",{"micros":2}]}]},"guilds_connect",{"micros":1,"calls":[]},"presence_connect",{"micros":9252,"calls":[]}]}]}] (Session ID: e08f687fe3964ee30485f2a6e7eff08e).
11:44:46,761 kraut.log INFO We have logged in as AutoReact#6168
11:47:14,340 kraut.log INFO Start Bot
11:47:14,342 discord.client INFO logging in using static token
11:47:14,915 discord.gateway INFO Created websocket connected to wss://gateway.discord.gg?encoding=json&v=6&compress=zlib-stream
11:47:14,920 discord.gateway INFO Shard ID None has sent the IDENTIFY payload.
11:47:15,128 discord.gateway INFO Shard ID None has connected to Gateway: ["gateway-prd-main-9qxw",{"micros":79995,"calls":["discord-sessions-prd-1-42",{"micros":76958,"calls":["start_session",{"micros":75510,"calls":["api-prd-main-phmp",{"micros":71573,"calls":["get_user",{"micros":5774},"add_authorized_ip",{"micros":4589},"get_guilds",{"micros":10338},"coros_wait",{"micros":2}]}]},"guilds_connect",{"micros":1,"calls":[]},"presence_connect",{"micros":1,"calls":[]}]}]}] (Session ID: 462e058d07385c5fa84454f7466322e8).
11:47:17,119 kraut.log INFO We have logged in as AutoReact#6168
11:47:17,962 kraut.log ERROR Error handler got called.
Traceback (most recent call last):
  File "C:\Users\Nick\AppData\Roaming\Python\Python37\site-packages\discord\ext\commands\core.py", line 79, in wrapped
    ret = await coro(*args, **kwargs)
  File "c:\Users\Nick\Documents\Discord\Discord_Bot\cogs\kraut.py", line 68, in play_
    await ctx.message.author.send(consts.MESSAGE_PLAY_REQUEST_CREATED.format(ctx.message.author.name, consts.GAME_NAME_DICT[game_name], play_request_message.jump_url), embed=discord.Embed.Empty)
  File "C:\Users\Nick\AppData\Roaming\Python\Python37\site-packages\discord\abc.py", line 795, in send
    embed = embed.to_dict()
AttributeError: '_EmptyEmbed' object has no attribute 'to_dict'

The above exception was the direct cause of the following exception:

Traceback (most recent call last):
  File "C:\Users\Nick\AppData\Roaming\Python\Python37\site-packages\discord\ext\commands\bot.py", line 863, in invoke
    await ctx.command.invoke(ctx)
  File "C:\Users\Nick\AppData\Roaming\Python\Python37\site-packages\discord\ext\commands\core.py", line 728, in invoke
    await injected(*ctx.args, **ctx.kwargs)
  File "C:\Users\Nick\AppData\Roaming\Python\Python37\site-packages\discord\ext\commands\core.py", line 88, in wrapped
    raise CommandInvokeError(exc) from exc
discord.ext.commands.errors.CommandInvokeError: Command raised an exception: AttributeError: '_EmptyEmbed' object has no attribute 'to_dict'
11:48:32,272 kraut.log INFO Start Bot
11:48:32,273 discord.client INFO logging in using static token
11:48:32,837 discord.gateway INFO Created websocket connected to wss://gateway.discord.gg?encoding=json&v=6&compress=zlib-stream
11:48:32,838 discord.gateway INFO Shard ID None has sent the IDENTIFY payload.
11:48:33,29 discord.gateway INFO Shard ID None has connected to Gateway: ["gateway-prd-main-vk19",{"micros":55967,"calls":["discord-sessions-prd-1-8",{"micros":53676,"calls":["start_session",{"micros":51934,"calls":["api-prd-main-s9kj",{"micros":48987,"calls":["get_user",{"micros":2918},"add_authorized_ip",{"micros":1471},"get_guilds",{"micros":3567},"coros_wait",{"micros":2}]}]},"guilds_connect",{"micros":1,"calls":[]},"presence_connect",{"micros":1,"calls":[]}]}]}] (Session ID: 0fdc0c04a2924ba9f93dd5fd115fcd50).
11:48:35,34 kraut.log INFO We have logged in as AutoReact#6168
11:51:21,205 kraut.log INFO Start Bot
11:51:21,205 discord.client INFO logging in using static token
11:51:21,837 discord.gateway INFO Created websocket connected to wss://gateway.discord.gg?encoding=json&v=6&compress=zlib-stream
11:51:21,838 discord.gateway INFO Shard ID None has sent the IDENTIFY payload.
11:51:22,96 discord.gateway INFO Shard ID None has connected to Gateway: ["gateway-prd-main-bfxb",{"micros":124826,"calls":["discord-sessions-prd-1-73",{"micros":123122,"calls":["start_session",{"micros":119461,"calls":["api-prd-main-km0z",{"micros":115751,"calls":["get_user",{"micros":12151},"add_authorized_ip",{"micros":3122},"get_guilds",{"micros":11334},"coros_wait",{"micros":1}]}]},"guilds_connect",{"micros":2,"calls":[]},"presence_connect",{"micros":472,"calls":[]}]}]}] (Session ID: 9900e1ca1ddfe1fa5f4e6d10bca149a7).
11:51:24,99 kraut.log INFO We have logged in as AutoReact#6168
11:51:47,84 kraut.log INFO Start Bot
11:51:47,85 discord.client INFO logging in using static token
11:51:47,656 discord.gateway INFO Created websocket connected to wss://gateway.discord.gg?encoding=json&v=6&compress=zlib-stream
11:51:47,657 discord.gateway INFO Shard ID None has sent the IDENTIFY payload.
11:51:47,851 discord.gateway INFO Shard ID None has connected to Gateway: ["gateway-prd-main-n15n",{"micros":57903,"calls":["discord-sessions-prd-1-50",{"micros":54537,"calls":["start_session",{"micros":48560,"calls":["api-prd-main-7gmb",{"micros":45047,"calls":["get_user",{"micros":3314},"add_authorized_ip",{"micros":1946},"get_guilds",{"micros":7941},"coros_wait",{"micros":2}]}]},"guilds_connect",{"micros":1,"calls":[]},"presence_connect",{"micros":2108,"calls":[]}]}]}] (Session ID: 1e504ff97b00442f2966ed76d7c0ee6b).
11:51:49,858 kraut.log INFO We have logged in as AutoReact#6168
12:11:04,207 kraut.log INFO Start Bot
12:11:04,208 discord.client INFO logging in using static token
12:11:04,830 discord.gateway INFO Created websocket connected to wss://gateway.discord.gg?encoding=json&v=6&compress=zlib-stream
12:11:04,834 discord.gateway INFO Shard ID None has sent the IDENTIFY payload.
12:11:05,8 discord.gateway INFO Shard ID None has connected to Gateway: ["gateway-prd-main-xhxq",{"micros":45399,"calls":["discord-sessions-prd-1-35",{"micros":40613,"calls":["start_session",{"micros":34222,"calls":["api-prd-main-4n01",{"micros":30986,"calls":["get_user",{"micros":2773},"add_authorized_ip",{"micros":2166},"get_guilds",{"micros":5892},"coros_wait",{"micros":1}]}]},"guilds_connect",{"micros":2,"calls":[]},"presence_connect",{"micros":1,"calls":[]}]}]}] (Session ID: e04e88ff0a050979e232bddde912721c).
12:11:07,16 kraut.log INFO We have logged in as AutoReact#6168
12:11:51,932 kraut.log INFO Start Bot
12:11:51,933 discord.client INFO logging in using static token
12:11:52,482 discord.gateway INFO Created websocket connected to wss://gateway.discord.gg?encoding=json&v=6&compress=zlib-stream
12:11:52,483 discord.gateway INFO Shard ID None has sent the IDENTIFY payload.
12:11:52,659 discord.gateway INFO Shard ID None has connected to Gateway: ["gateway-prd-main-mxw4",{"micros":44346,"calls":["discord-sessions-prd-1-12",{"micros":41178,"calls":["start_session",{"micros":40114,"calls":["api-prd-main-smg1",{"micros":36556,"calls":["get_user",{"micros":4559},"add_authorized_ip",{"micros":1509},"get_guilds",{"micros":5468},"coros_wait",{"micros":2}]}]},"guilds_connect",{"micros":2,"calls":[]},"presence_connect",{"micros":324,"calls":[]}]}]}] (Session ID: 0d45497c5f51549e2676936dd63d6a26).
12:11:54,655 kraut.log INFO We have logged in as AutoReact#6168
12:12:27,486 kraut.log INFO Start Bot
12:12:27,487 discord.client INFO logging in using static token
12:12:28,56 discord.gateway INFO Created websocket connected to wss://gateway.discord.gg?encoding=json&v=6&compress=zlib-stream
12:12:28,57 discord.gateway INFO Shard ID None has sent the IDENTIFY payload.
12:12:28,300 discord.gateway INFO Shard ID None has connected to Gateway: ["gateway-prd-main-htgb",{"micros":110214,"calls":["discord-sessions-prd-1-40",{"micros":105465,"calls":["start_session",{"micros":104293,"calls":["api-prd-main-dz0f",{"micros":102195,"calls":["get_user",{"micros":11772},"add_authorized_ip",{"micros":48494},"get_guilds",{"micros":6715},"coros_wait",{"micros":1}]}]},"guilds_connect",{"micros":2,"calls":[]},"presence_connect",{"micros":53,"calls":[]}]}]}] (Session ID: 9e9aee2cdd34c5c9f00be22da37348d0).
12:12:30,288 kraut.log INFO We have logged in as AutoReact#6168
12:13:44,943 kraut.log INFO Start Bot
12:13:44,944 discord.client INFO logging in using static token
12:13:45,501 discord.gateway INFO Created websocket connected to wss://gateway.discord.gg?encoding=json&v=6&compress=zlib-stream
12:13:45,509 discord.gateway INFO Shard ID None has sent the IDENTIFY payload.
12:13:45,684 discord.gateway INFO Shard ID None has connected to Gateway: ["gateway-prd-main-z9cw",{"micros":48240,"calls":["discord-sessions-prd-1-45",{"micros":44858,"calls":["start_session",{"micros":41192,"calls":["api-prd-main-17wt",{"micros":37306,"calls":["get_user",{"micros":3505},"add_authorized_ip",{"micros":1995},"get_guilds",{"micros":4081},"coros_wait",{"micros":1}]}]},"guilds_connect",{"micros":1,"calls":[]},"presence_connect",{"micros":3089,"calls":[]}]}]}] (Session ID: 65fe0fd5ac08ec7395fde5cd1a09e7f0).
12:13:45,849 kraut.log ERROR Error handler got called.
Traceback (most recent call last):
  File "C:\Users\Nick\AppData\Roaming\Python\Python37\site-packages\discord\ext\commands\core.py", line 79, in wrapped
    ret = await coro(*args, **kwargs)
  File "c:\Users\Nick\Documents\Discord\Discord_Bot\cogs\kraut.py", line 34, in create_team
    if len(voice_channel.members >= 4):
TypeError: '>=' not supported between instances of 'list' and 'int'

The above exception was the direct cause of the following exception:

Traceback (most recent call last):
  File "C:\Users\Nick\AppData\Roaming\Python\Python37\site-packages\discord\ext\commands\bot.py", line 863, in invoke
    await ctx.command.invoke(ctx)
  File "C:\Users\Nick\AppData\Roaming\Python\Python37\site-packages\discord\ext\commands\core.py", line 728, in invoke
    await injected(*ctx.args, **ctx.kwargs)
  File "C:\Users\Nick\AppData\Roaming\Python\Python37\site-packages\discord\ext\commands\core.py", line 88, in wrapped
    raise CommandInvokeError(exc) from exc
discord.ext.commands.errors.CommandInvokeError: Command raised an exception: TypeError: '>=' not supported between instances of 'list' and 'int'
12:13:47,683 kraut.log INFO We have logged in as AutoReact#6168
12:14:04,821 kraut.log INFO Start Bot
12:14:04,822 discord.client INFO logging in using static token
12:14:05,382 discord.gateway INFO Created websocket connected to wss://gateway.discord.gg?encoding=json&v=6&compress=zlib-stream
12:14:05,415 discord.gateway INFO Shard ID None has sent the IDENTIFY payload.
12:14:05,617 discord.gateway INFO Shard ID None has connected to Gateway: ["gateway-prd-main-5bfz",{"micros":75157,"calls":["discord-sessions-prd-1-47",{"micros":71025,"calls":["start_session",{"micros":66215,"calls":["api-prd-main-x5m8",{"micros":59412,"calls":["get_user",{"micros":17125},"add_authorized_ip",{"micros":1620},"get_guilds",{"micros":5504},"coros_wait",{"micros":2}]}]},"guilds_connect",{"micros":1,"calls":[]},"presence_connect",{"micros":4136,"calls":[]}]}]}] (Session ID: 4e9995c84162aa37a531e61a117d4d2d).
12:14:07,628 kraut.log INFO We have logged in as AutoReact#6168
12:14:36,872 kraut.log INFO Start Bot
12:14:36,873 discord.client INFO logging in using static token
12:14:37,448 discord.gateway INFO Created websocket connected to wss://gateway.discord.gg?encoding=json&v=6&compress=zlib-stream
12:14:37,459 discord.gateway INFO Shard ID None has sent the IDENTIFY payload.
12:14:37,661 discord.gateway INFO Shard ID None has connected to Gateway: ["gateway-prd-main-rplw",{"micros":52409,"calls":["discord-sessions-prd-1-24",{"micros":48659,"calls":["start_session",{"micros":45868,"calls":["api-prd-main-7gmb",{"micros":40805,"calls":["get_user",{"micros":2475},"add_authorized_ip",{"micros":6515},"get_guilds",{"micros":5518},"coros_wait",{"micros":2}]}]},"guilds_connect",{"micros":2,"calls":[]},"presence_connect",{"micros":2099,"calls":[]}]}]}] (Session ID: a3e30849b3a1930d0c3aef3e677153c2).
12:14:39,671 kraut.log INFO We have logged in as AutoReact#6168
12:16:36,906 kraut.log INFO Start Bot
12:16:36,907 discord.client INFO logging in using static token
12:16:37,536 discord.gateway INFO Created websocket connected to wss://gateway.discord.gg?encoding=json&v=6&compress=zlib-stream
12:16:37,538 discord.gateway INFO Shard ID None has sent the IDENTIFY payload.
12:16:37,747 discord.gateway INFO Shard ID None has connected to Gateway: ["gateway-prd-main-hs6z",{"micros":75786,"calls":["discord-sessions-prd-1-45",{"micros":65670,"calls":["start_session",{"micros":59127,"calls":["api-prd-main-vxx9",{"micros":53384,"calls":["get_user",{"micros":5076},"add_authorized_ip",{"micros":3374},"get_guilds",{"micros":14350},"coros_wait",{"micros":1}]}]},"guilds_connect",{"micros":2,"calls":[]},"presence_connect",{"micros":5125,"calls":[]}]}]}] (Session ID: bc8be659404b17068de5e3f90baa7a7d).
12:16:39,786 kraut.log INFO We have logged in as AutoReact#6168
12:16:50,689 kraut.log INFO Start Bot
12:16:50,690 discord.client INFO logging in using static token
12:16:51,249 discord.gateway INFO Created websocket connected to wss://gateway.discord.gg?encoding=json&v=6&compress=zlib-stream
12:16:51,251 discord.gateway INFO Shard ID None has sent the IDENTIFY payload.
12:16:51,459 discord.gateway INFO Shard ID None has connected to Gateway: ["gateway-prd-main-0v2f",{"micros":66816,"calls":["discord-sessions-prd-1-38",{"micros":65637,"calls":["start_session",{"micros":58427,"calls":["api-prd-main-n5qj",{"micros":50537,"calls":["get_user",{"micros":3087},"add_authorized_ip",{"micros":7370},"get_guilds",{"micros":6745},"coros_wait",{"micros":2}]}]},"guilds_connect",{"micros":2,"calls":[]},"presence_connect",{"micros":6487,"calls":[]}]}]}] (Session ID: 4d96f1547134a17f89ae9b7e4703c387).
12:16:52,75 kraut.log ERROR Error handler got called.
Traceback (most recent call last):
  File "C:\Users\Nick\AppData\Roaming\Python\Python37\site-packages\discord\ext\commands\core.py", line 79, in wrapped
    ret = await coro(*args, **kwargs)
  File "c:\Users\Nick\Documents\Discord\Discord_Bot\cogs\kraut.py", line 34, in create_team
    print(voice_channel.name)
AttributeError: 'NoneType' object has no attribute 'name'

The above exception was the direct cause of the following exception:

Traceback (most recent call last):
  File "C:\Users\Nick\AppData\Roaming\Python\Python37\site-packages\discord\ext\commands\bot.py", line 863, in invoke
    await ctx.command.invoke(ctx)
  File "C:\Users\Nick\AppData\Roaming\Python\Python37\site-packages\discord\ext\commands\core.py", line 728, in invoke
    await injected(*ctx.args, **ctx.kwargs)
  File "C:\Users\Nick\AppData\Roaming\Python\Python37\site-packages\discord\ext\commands\core.py", line 88, in wrapped
    raise CommandInvokeError(exc) from exc
discord.ext.commands.errors.CommandInvokeError: Command raised an exception: AttributeError: 'NoneType' object has no attribute 'name'
12:16:53,470 kraut.log INFO We have logged in as AutoReact#6168
12:17:04,616 kraut.log INFO Start Bot
12:17:04,617 discord.client INFO logging in using static token
12:17:05,179 discord.gateway INFO Created websocket connected to wss://gateway.discord.gg?encoding=json&v=6&compress=zlib-stream
12:17:05,180 discord.gateway INFO Shard ID None has sent the IDENTIFY payload.
12:17:05,564 discord.gateway INFO Shard ID None has connected to Gateway: ["gateway-prd-main-cp9z",{"micros":250400,"calls":["discord-sessions-prd-1-64",{"micros":244114,"calls":["start_session",{"micros":236303,"calls":["api-prd-main-0mxm",{"micros":232261,"calls":["get_user",{"micros":3232},"add_authorized_ip",{"micros":1907},"get_guilds",{"micros":200168},"coros_wait",{"micros":2}]}]},"guilds_connect",{"micros":1,"calls":[]},"presence_connect",{"micros":1,"calls":[]}]}]}] (Session ID: 7df54943bdb66d2791970f9c52edfc06).
12:17:07,559 kraut.log INFO We have logged in as AutoReact#6168
12:17:35,696 kraut.log INFO Start Bot
12:17:35,697 discord.client INFO logging in using static token
12:17:36,301 discord.gateway INFO Created websocket connected to wss://gateway.discord.gg?encoding=json&v=6&compress=zlib-stream
12:17:36,302 discord.gateway INFO Shard ID None has sent the IDENTIFY payload.
12:17:36,518 discord.gateway INFO Shard ID None has connected to Gateway: ["gateway-prd-main-5t04",{"micros":75394,"calls":["discord-sessions-prd-1-12",{"micros":73427,"calls":["start_session",{"micros":72352,"calls":["api-prd-main-4rgz",{"micros":66770,"calls":["get_user",{"micros":6726},"add_authorized_ip",{"micros":8944},"get_guilds",{"micros":3996},"coros_wait",{"micros":2}]}]},"guilds_connect",{"micros":1,"calls":[]},"presence_connect",{"micros":328,"calls":[]}]}]}] (Session ID: 6dacdf709f17cd9486e9ea0d21b35fcc).
12:17:38,513 kraut.log INFO We have logged in as AutoReact#6168
12:25:58,589 kraut.log INFO Start Bot
12:25:58,590 discord.client INFO logging in using static token
12:25:59,190 discord.gateway INFO Created websocket connected to wss://gateway.discord.gg?encoding=json&v=6&compress=zlib-stream
12:25:59,192 discord.gateway INFO Shard ID None has sent the IDENTIFY payload.
12:25:59,454 discord.gateway INFO Shard ID None has connected to Gateway: ["gateway-prd-main-vlf3",{"micros":131005,"calls":["discord-sessions-prd-1-79",{"micros":126988,"calls":["start_session",{"micros":125928,"calls":["api-prd-main-155b",{"micros":118322,"calls":["get_user",{"micros":4408},"add_authorized_ip",{"micros":3042},"get_guilds",{"micros":10670},"coros_wait",{"micros":2}]}]},"guilds_connect",{"micros":1,"calls":[]},"presence_connect",{"micros":542,"calls":[]}]}]}] (Session ID: 4d211a9aa8b68f80711faca775a7d953).
12:26:00,77 kraut.log ERROR Error handler got called.
Traceback (most recent call last):
  File "C:\Users\Nick\AppData\Roaming\Python\Python37\site-packages\discord\ext\commands\bot.py", line 863, in invoke
    await ctx.command.invoke(ctx)
  File "C:\Users\Nick\AppData\Roaming\Python\Python37\site-packages\discord\ext\commands\core.py", line 721, in invoke
    await self.prepare(ctx)
  File "C:\Users\Nick\AppData\Roaming\Python\Python37\site-packages\discord\ext\commands\core.py", line 685, in prepare
    await self._parse_arguments(ctx)
  File "C:\Users\Nick\AppData\Roaming\Python\Python37\site-packages\discord\ext\commands\core.py", line 599, in _parse_arguments
    transformed = await self.transform(ctx, param)
  File "C:\Users\Nick\AppData\Roaming\Python\Python37\site-packages\discord\ext\commands\core.py", line 445, in transform
    raise MissingRequiredArgument(param)
discord.ext.commands.errors.MissingRequiredArgument: shouldMove is a required argument that is missing.
12:26:01,458 kraut.log INFO We have logged in as AutoReact#6168
12:30:43,153 kraut.log INFO Start Bot
12:30:43,154 discord.client INFO logging in using static token
12:30:43,737 discord.gateway INFO Created websocket connected to wss://gateway.discord.gg?encoding=json&v=6&compress=zlib-stream
12:30:43,738 discord.gateway INFO Shard ID None has sent the IDENTIFY payload.
12:30:43,949 discord.gateway INFO Shard ID None has connected to Gateway: ["gateway-prd-main-mxw4",{"micros":81690,"calls":["discord-sessions-prd-1-49",{"micros":71592,"calls":["start_session",{"micros":67011,"calls":["api-prd-main-wtbl",{"micros":62690,"calls":["get_user",{"micros":4932},"add_authorized_ip",{"micros":3796},"get_guilds",{"micros":12895},"coros_wait",{"micros":3}]}]},"guilds_connect",{"micros":2,"calls":[]},"presence_connect",{"micros":1348,"calls":[]}]}]}] (Session ID: e8422b1fa5c356044d08d4331da5d2f4).
12:30:45,947 kraut.log INFO We have logged in as AutoReact#6168
12:31:30,388 kraut.log INFO Start Bot
12:31:30,389 discord.client INFO logging in using static token
12:31:30,997 discord.gateway INFO Created websocket connected to wss://gateway.discord.gg?encoding=json&v=6&compress=zlib-stream
12:31:30,999 discord.gateway INFO Shard ID None has sent the IDENTIFY payload.
12:31:31,198 discord.gateway INFO Shard ID None has connected to Gateway: ["gateway-prd-main-825q",{"micros":65698,"calls":["discord-sessions-prd-1-50",{"micros":60892,"calls":["start_session",{"micros":57121,"calls":["api-prd-main-km0z",{"micros":53530,"calls":["get_user",{"micros":2223},"add_authorized_ip",{"micros":1571},"get_guilds",{"micros":10336},"coros_wait",{"micros":3}]}]},"guilds_connect",{"micros":1,"calls":[]},"presence_connect",{"micros":2795,"calls":[]}]}]}] (Session ID: 4fd004afea8b28c4df5c6dcfcd1a5ab4).
12:31:40,155 kraut.log INFO Start Bot
12:31:40,156 discord.client INFO logging in using static token
12:31:40,799 discord.gateway INFO Created websocket connected to wss://gateway.discord.gg?encoding=json&v=6&compress=zlib-stream
12:31:40,800 discord.gateway INFO Shard ID None has sent the IDENTIFY payload.
12:31:41,4 discord.gateway INFO Shard ID None has connected to Gateway: ["gateway-prd-main-rplw",{"micros":56970,"calls":["discord-sessions-prd-1-52",{"micros":47898,"calls":["start_session",{"micros":43914,"calls":["api-prd-main-xvnm",{"micros":41198,"calls":["get_user",{"micros":4553},"add_authorized_ip",{"micros":1559},"get_guilds",{"micros":6678},"coros_wait",{"micros":2}]}]},"guilds_connect",{"micros":2,"calls":[]},"presence_connect",{"micros":3296,"calls":[]}]}]}] (Session ID: 9aa161504b33e71504d04d9030baa3ae).
12:31:43,17 kraut.log INFO We have logged in as AutoReact#6168
12:31:49,627 kraut.log ERROR Error handler got called.
Traceback (most recent call last):
  File "C:\Users\Nick\AppData\Roaming\Python\Python37\site-packages\discord\ext\commands\core.py", line 79, in wrapped
    ret = await coro(*args, **kwargs)
  File "c:\Users\Nick\Documents\Discord\Discord_Bot\cogs\kraut.py", line 45, in create_team
    if player_names[0] == 'mv' and role in ctx.message.author.roles:
IndexError: tuple index out of range

The above exception was the direct cause of the following exception:

Traceback (most recent call last):
  File "C:\Users\Nick\AppData\Roaming\Python\Python37\site-packages\discord\ext\commands\bot.py", line 863, in invoke
    await ctx.command.invoke(ctx)
  File "C:\Users\Nick\AppData\Roaming\Python\Python37\site-packages\discord\ext\commands\core.py", line 728, in invoke
    await injected(*ctx.args, **ctx.kwargs)
  File "C:\Users\Nick\AppData\Roaming\Python\Python37\site-packages\discord\ext\commands\core.py", line 88, in wrapped
    raise CommandInvokeError(exc) from exc
discord.ext.commands.errors.CommandInvokeError: Command raised an exception: IndexError: tuple index out of range
12:31:54,720 kraut.log ERROR Error handler got called.
Traceback (most recent call last):
  File "C:\Users\Nick\AppData\Roaming\Python\Python37\site-packages\discord\ext\commands\core.py", line 79, in wrapped
    ret = await coro(*args, **kwargs)
  File "c:\Users\Nick\Documents\Discord\Discord_Bot\cogs\kraut.py", line 45, in create_team
    if player_names[0] == 'mv' and role in ctx.message.author.roles:
IndexError: tuple index out of range

The above exception was the direct cause of the following exception:

Traceback (most recent call last):
  File "C:\Users\Nick\AppData\Roaming\Python\Python37\site-packages\discord\ext\commands\bot.py", line 863, in invoke
    await ctx.command.invoke(ctx)
  File "C:\Users\Nick\AppData\Roaming\Python\Python37\site-packages\discord\ext\commands\core.py", line 728, in invoke
    await injected(*ctx.args, **ctx.kwargs)
  File "C:\Users\Nick\AppData\Roaming\Python\Python37\site-packages\discord\ext\commands\core.py", line 88, in wrapped
    raise CommandInvokeError(exc) from exc
discord.ext.commands.errors.CommandInvokeError: Command raised an exception: IndexError: tuple index out of range
12:32:36,17 kraut.log INFO Start Bot
12:32:36,18 discord.client INFO logging in using static token
12:32:36,612 discord.gateway INFO Created websocket connected to wss://gateway.discord.gg?encoding=json&v=6&compress=zlib-stream
12:32:36,616 discord.gateway INFO Shard ID None has sent the IDENTIFY payload.
12:32:37,609 discord.gateway INFO Shard ID None has connected to Gateway: ["gateway-prd-main-shrn",{"micros":862708,"calls":["discord-sessions-prd-1-35",{"micros":860642,"calls":["start_session",{"micros":858441,"calls":["api-prd-main-mp32",{"micros":854689,"calls":["get_user",{"micros":15463},"add_authorized_ip",{"micros":28288},"get_guilds",{"micros":52649},"coros_wait",{"micros":2}]}]},"guilds_connect",{"micros":2,"calls":[]},"presence_connect",{"micros":710,"calls":[]}]}]}] (Session ID: 3b1c7acc5284d1cf3a8d25a8d6f5e310).
12:32:39,602 kraut.log INFO We have logged in as AutoReact#6168
12:36:01,202 kraut.log INFO Start Bot
12:36:01,203 discord.client INFO logging in using static token
12:36:01,796 discord.gateway INFO Created websocket connected to wss://gateway.discord.gg?encoding=json&v=6&compress=zlib-stream
12:36:01,799 discord.gateway INFO Shard ID None has sent the IDENTIFY payload.
12:36:01,986 discord.gateway INFO Shard ID None has connected to Gateway: ["gateway-prd-main-2kqn",{"micros":56450,"calls":["discord-sessions-prd-1-65",{"micros":50342,"calls":["start_session",{"micros":45724,"calls":["api-prd-main-cglv",{"micros":40660,"calls":["get_user",{"micros":2436},"add_authorized_ip",{"micros":7249},"get_guilds",{"micros":3748},"coros_wait",{"micros":1}]}]},"guilds_connect",{"micros":2,"calls":[]},"presence_connect",{"micros":1,"calls":[]}]}]}] (Session ID: 5600733ca11df608fbb85861c8b70cff).
12:36:03,978 kraut.log INFO We have logged in as AutoReact#6168
12:50:10,76 kraut.log INFO Start Bot
12:50:10,77 discord.client INFO logging in using static token
12:50:10,741 discord.gateway INFO Created websocket connected to wss://gateway.discord.gg?encoding=json&v=6&compress=zlib-stream
12:50:10,742 discord.gateway INFO Shard ID None has sent the IDENTIFY payload.
12:50:10,936 discord.gateway INFO Shard ID None has connected to Gateway: ["gateway-prd-main-2nrg",{"micros":53592,"calls":["discord-sessions-prd-1-78",{"micros":52369,"calls":["start_session",{"micros":46725,"calls":["api-prd-main-7t1p",{"micros":43002,"calls":["get_user",{"micros":3729},"add_authorized_ip",{"micros":1842},"get_guilds",{"micros":10621},"coros_wait",{"micros":2}]}]},"guilds_connect",{"micros":1,"calls":[]},"presence_connect",{"micros":4586,"calls":[]}]}]}] (Session ID: 3e91ba1b387c215509b71bf245d33e35).
12:50:12,940 kraut.log INFO We have logged in as AutoReact#6168
12:50:22,569 kraut.log ERROR Error handler got called.
Traceback (most recent call last):
  File "C:\Users\Nick\AppData\Roaming\Python\Python37\site-packages\discord\ext\commands\bot.py", line 863, in invoke
    await ctx.command.invoke(ctx)
  File "C:\Users\Nick\AppData\Roaming\Python\Python37\site-packages\discord\ext\commands\core.py", line 721, in invoke
    await self.prepare(ctx)
  File "C:\Users\Nick\AppData\Roaming\Python\Python37\site-packages\discord\ext\commands\core.py", line 678, in prepare
    await self._verify_checks(ctx)
  File "C:\Users\Nick\AppData\Roaming\Python\Python37\site-packages\discord\ext\commands\core.py", line 627, in _verify_checks
    raise CheckFailure('The check functions for command {0.qualified_name} failed.'.format(self))
discord.ext.commands.errors.CheckFailure: The check functions for command create-team failed.
13:29:24,832 kraut.log INFO Start Bot
13:29:24,833 discord.client INFO logging in using static token
13:29:25,451 discord.gateway INFO Created websocket connected to wss://gateway.discord.gg?encoding=json&v=6&compress=zlib-stream
13:29:25,454 discord.gateway INFO Shard ID None has sent the IDENTIFY payload.
13:29:25,637 discord.gateway INFO Shard ID None has connected to Gateway: ["gateway-prd-main-7fr5",{"micros":52610,"calls":["discord-sessions-prd-1-20",{"micros":48951,"calls":["start_session",{"micros":43856,"calls":["api-prd-main-019l",{"micros":39513,"calls":["get_user",{"micros":4093},"add_authorized_ip",{"micros":1630},"get_guilds",{"micros":4403},"coros_wait",{"micros":2}]}]},"guilds_connect",{"micros":2,"calls":[]},"presence_connect",{"micros":1,"calls":[]}]}]}] (Session ID: 3bb8fa23c9fb88d50dc68fc59501e5f5).
13:29:27,645 kraut.log INFO We have logged in as AutoReact#6168
14:49:39,117 kraut.log INFO Start Bot
14:49:39,118 discord.client INFO logging in using static token
14:49:39,741 discord.gateway INFO Created websocket connected to wss://gateway.discord.gg?encoding=json&v=6&compress=zlib-stream
14:49:39,743 discord.gateway INFO Shard ID None has sent the IDENTIFY payload.
14:49:39,987 discord.gateway INFO Shard ID None has connected to Gateway: ["gateway-prd-main-j4wt",{"micros":108108,"calls":["discord-sessions-prd-1-4",{"micros":87219,"calls":["start_session",{"micros":80824,"calls":["api-prd-main-jdhj",{"micros":77230,"calls":["get_user",{"micros":3337},"add_authorized_ip",{"micros":3209},"get_guilds",{"micros":21608},"coros_wait",{"micros":2}]}]},"guilds_connect",{"micros":2,"calls":[]},"presence_connect",{"micros":3660,"calls":[]}]}]}] (Session ID: 3a436797453fa80f97d60dfbad51a9b0).
14:49:41,975 kraut.log INFO We have logged in as AutoReact#6168
14:51:19,505 kraut.log INFO Start Bot
14:51:19,506 discord.client INFO logging in using static token
14:51:20,58 discord.gateway INFO Created websocket connected to wss://gateway.discord.gg?encoding=json&v=6&compress=zlib-stream
14:51:20,59 discord.gateway INFO Shard ID None has sent the IDENTIFY payload.
14:51:20,308 discord.gateway INFO Shard ID None has connected to Gateway: ["gateway-prd-main-mjr9",{"micros":80742,"calls":["discord-sessions-prd-1-33",{"micros":76585,"calls":["start_session",{"micros":72717,"calls":["api-prd-main-6m4t",{"micros":68977,"calls":["get_user",{"micros":4875},"add_authorized_ip",{"micros":6443},"get_guilds",{"micros":10995},"coros_wait",{"micros":2}]}]},"guilds_connect",{"micros":2,"calls":[]},"presence_connect",{"micros":1,"calls":[]}]}]}] (Session ID: 36832162ced9660e9ebe761e1258826d).
14:51:22,304 kraut.log INFO We have logged in as AutoReact#6168
14:51:23,359 kraut.log ERROR Error handler got called.
Traceback (most recent call last):
  File "C:\Users\Nick\AppData\Roaming\Python\Python37\site-packages\discord\ext\commands\core.py", line 79, in wrapped
    ret = await coro(*args, **kwargs)
  File "c:\Users\Nick\Documents\Discord\Discord_Bot\cogs\kraut.py", line 35, in create_team
    print(voice_channel.name)
AttributeError: 'NoneType' object has no attribute 'name'

The above exception was the direct cause of the following exception:

Traceback (most recent call last):
  File "C:\Users\Nick\AppData\Roaming\Python\Python37\site-packages\discord\ext\commands\bot.py", line 863, in invoke
    await ctx.command.invoke(ctx)
  File "C:\Users\Nick\AppData\Roaming\Python\Python37\site-packages\discord\ext\commands\core.py", line 728, in invoke
    await injected(*ctx.args, **ctx.kwargs)
  File "C:\Users\Nick\AppData\Roaming\Python\Python37\site-packages\discord\ext\commands\core.py", line 88, in wrapped
    raise CommandInvokeError(exc) from exc
discord.ext.commands.errors.CommandInvokeError: Command raised an exception: AttributeError: 'NoneType' object has no attribute 'name'
14:52:05,903 kraut.log INFO Start Bot
14:52:05,904 discord.client INFO logging in using static token
14:52:06,654 discord.gateway INFO Created websocket connected to wss://gateway.discord.gg?encoding=json&v=6&compress=zlib-stream
14:52:06,657 discord.gateway INFO Shard ID None has sent the IDENTIFY payload.
14:52:06,847 discord.gateway INFO Shard ID None has connected to Gateway: ["gateway-prd-main-l2z5",{"micros":52443,"calls":["discord-sessions-prd-1-11",{"micros":46930,"calls":["start_session",{"micros":42195,"calls":["api-prd-main-h77c",{"micros":39374,"calls":["get_user",{"micros":2030},"add_authorized_ip",{"micros":2766},"get_guilds",{"micros":5745},"coros_wait",{"micros":1}]}]},"guilds_connect",{"micros":1,"calls":[]},"presence_connect",{"micros":3801,"calls":[]}]}]}] (Session ID: 937b7964e9c4d6446daac0a438420f33).
14:52:08,894 kraut.log INFO We have logged in as AutoReact#6168
14:53:09,310 kraut.log INFO Start Bot
14:53:09,311 discord.client INFO logging in using static token
14:53:09,950 discord.gateway INFO Created websocket connected to wss://gateway.discord.gg?encoding=json&v=6&compress=zlib-stream
14:53:09,951 discord.gateway INFO Shard ID None has sent the IDENTIFY payload.
14:53:10,241 discord.gateway INFO Shard ID None has connected to Gateway: ["gateway-prd-main-z9cw",{"micros":148265,"calls":["discord-sessions-prd-1-40",{"micros":146988,"calls":["start_session",{"micros":143827,"calls":["api-prd-main-wvcj",{"micros":138491,"calls":["get_user",{"micros":6726},"add_authorized_ip",{"micros":8553},"get_guilds",{"micros":71447},"coros_wait",{"micros":1}]}]},"guilds_connect",{"micros":2,"calls":[]},"presence_connect",{"micros":2562,"calls":[]}]}]}] (Session ID: 9ae40ecd17ef3e0c8ed5a9959e5468e3).
14:53:12,252 kraut.log INFO We have logged in as AutoReact#6168
14:53:42,897 kraut.log INFO Start Bot
14:53:42,898 discord.client INFO logging in using static token
14:53:43,465 discord.gateway INFO Created websocket connected to wss://gateway.discord.gg?encoding=json&v=6&compress=zlib-stream
14:53:43,466 discord.gateway INFO Shard ID None has sent the IDENTIFY payload.
14:53:43,761 discord.gateway INFO Shard ID None has connected to Gateway: ["gateway-prd-main-7454",{"micros":159132,"calls":["discord-sessions-prd-1-37",{"micros":156918,"calls":["start_session",{"micros":155373,"calls":["api-prd-main-xghb",{"micros":146612,"calls":["get_user",{"micros":3928},"add_authorized_ip",{"micros":2533},"get_guilds",{"micros":90035},"coros_wait",{"micros":3}]}]},"guilds_connect",{"micros":1,"calls":[]},"presence_connect",{"micros":837,"calls":[]}]}]}] (Session ID: 37a93f2a2443225f821b8525bb752428).
14:53:45,768 kraut.log INFO We have logged in as AutoReact#6168
14:54:54,427 kraut.log INFO Start Bot
14:54:54,428 discord.client INFO logging in using static token
14:54:55,23 discord.gateway INFO Created websocket connected to wss://gateway.discord.gg?encoding=json&v=6&compress=zlib-stream
14:54:55,24 discord.gateway INFO Shard ID None has sent the IDENTIFY payload.
14:54:55,205 discord.gateway INFO Shard ID None has connected to Gateway: ["gateway-prd-main-nmk1",{"micros":48739,"calls":["discord-sessions-prd-1-47",{"micros":42697,"calls":["start_session",{"micros":40467,"calls":["api-prd-main-6j84",{"micros":35857,"calls":["get_user",{"micros":3235},"add_authorized_ip",{"micros":2112},"get_guilds",{"micros":4283},"coros_wait",{"micros":2}]}]},"guilds_connect",{"micros":2,"calls":[]},"presence_connect",{"micros":1368,"calls":[]}]}]}] (Session ID: 91b7491644b5b4e341765cc5984e2fc8).
14:54:57,197 kraut.log INFO We have logged in as AutoReact#6168
14:55:17,476 kraut.log INFO Start Bot
14:55:17,477 discord.client INFO logging in using static token
14:55:18,82 discord.gateway INFO Created websocket connected to wss://gateway.discord.gg?encoding=json&v=6&compress=zlib-stream
14:55:18,84 discord.gateway INFO Shard ID None has sent the IDENTIFY payload.
14:55:18,340 discord.gateway INFO Shard ID None has connected to Gateway: ["gateway-prd-main-wkv3",{"micros":118968,"calls":["discord-sessions-prd-1-50",{"micros":105115,"calls":["start_session",{"micros":100095,"calls":["api-prd-main-tgh7",{"micros":96619,"calls":["get_user",{"micros":12532},"add_authorized_ip",{"micros":10333},"get_guilds",{"micros":5405},"coros_wait",{"micros":1}]}]},"guilds_connect",{"micros":1,"calls":[]},"presence_connect",{"micros":0,"calls":[]}]}]}] (Session ID: 19e4accf057443689399dede439ffde8).
14:55:20,340 kraut.log INFO We have logged in as AutoReact#6168
